Component: ARM Compiler 5.06 update 7 (build 960) Tool: armlink [4d3601]

==============================================================================

Section Cross References

    startup_stm32f103xe.o(RESET) refers to startup_stm32f103xe.o(STACK) for __initial_sp
    startup_stm32f103xe.o(RESET) refers to startup_stm32f103xe.o(.text) for Reset_Handler
    startup_stm32f103xe.o(RESET) refers to stm32f1xx_it.o(i.NMI_Handler) for NMI_Handler
    startup_stm32f103xe.o(RESET) refers to stm32f1xx_it.o(i.HardFault_Handler) for HardFault_Handler
    startup_stm32f103xe.o(RESET) refers to stm32f1xx_it.o(i.MemManage_Handler) for MemManage_Handler
    startup_stm32f103xe.o(RESET) refers to stm32f1xx_it.o(i.BusFault_Handler) for BusFault_Handler
    startup_stm32f103xe.o(RESET) refers to stm32f1xx_it.o(i.UsageFault_Handler) for UsageFault_Handler
    startup_stm32f103xe.o(RESET) refers to port.o(.emb_text) for SVC_Handler
    startup_stm32f103xe.o(RESET) refers to stm32f1xx_it.o(i.DebugMon_Handler) for DebugMon_Handler
    startup_stm32f103xe.o(RESET) refers to stm32f1xx_it.o(i.SysTick_Handler) for SysTick_Handler
    startup_stm32f103xe.o(RESET) refers to tim.o(i.TIM1_UP_IRQHandler) for TIM1_UP_IRQHandler
    startup_stm32f103xe.o(RESET) refers to usart.o(i.USART1_IRQHandler) for USART1_IRQHandler
    startup_stm32f103xe.o(RESET) refers to usart3.o(i.USART3_IRQHandler) for USART3_IRQHandler
    startup_stm32f103xe.o(.text) refers to system_stm32f1xx.o(i.SystemInit) for SystemInit
    startup_stm32f103xe.o(.text) refers to entry.o(.ARM.Collect$$$$00000000) for __main
    main.o(i.Error_Handler) refers to stm32f1xx_hal_gpio.o(i.HAL_GPIO_TogglePin) for HAL_GPIO_TogglePin
    main.o(i.Error_Handler) refers to stm32f1xx_hal.o(i.HAL_Delay) for HAL_Delay
    main.o(i.HAL_TIM_PeriodElapsedCallback) refers to stm32f1xx_hal.o(i.HAL_IncTick) for HAL_IncTick
    main.o(i.HAL_TIM_PeriodElapsedCallback) refers to tim.o(.data) for scan_running
    main.o(i.HAL_TIM_PeriodElapsedCallback) refers to tim.o(.data) for scan_tick
    main.o(i.HAL_TIM_PeriodElapsedCallback_old) refers to stm32f1xx_hal.o(i.HAL_IncTick) for HAL_IncTick
    main.o(i.SystemClock_Config) refers to memseta.o(.text) for __aeabi_memclr4
    main.o(i.SystemClock_Config) refers to stm32f1xx_hal_rcc.o(i.HAL_RCC_OscConfig) for HAL_RCC_OscConfig
    main.o(i.SystemClock_Config) refers to stm32f1xx_hal_rcc.o(i.HAL_RCC_ClockConfig) for HAL_RCC_ClockConfig
    main.o(i.SystemClock_Config) refers to main.o(i.Error_Handler) for Error_Handler
    main.o(i.cmdRecvTask) refers to cmsis_os.o(i.osDelay) for osDelay
    main.o(i.cmdRecvTask) refers to fast_ros.o(i.fast_ros_parse_cmd_vel) for fast_ros_parse_cmd_vel
    main.o(i.cmdRecvTask) refers to kinematics.o(i.Kinematic_Analyze) for Kinematic_Analyze
    main.o(i.cmdRecvTask) refers to usart3.o(i.USART3_ClearBuf) for USART3_ClearBuf
    main.o(i.cmdRecvTask) refers to usart3.o(.data) for USART3_RX_FLAG
    main.o(i.cmdRecvTask) refers to main.o(.data) for .data
    main.o(i.cmdRecvTask) refers to usart3.o(.bss) for USART3_RX_BUF
    main.o(i.laserTask) refers to tasks.o(i.xTaskGetTickCount) for xTaskGetTickCount
    main.o(i.laserTask) refers to main.o(i.laser_step) for laser_step
    main.o(i.laserTask) refers to tasks.o(i.vTaskDelayUntil) for vTaskDelayUntil
    main.o(i.laserTask_old) refers to main.o(i.laser_step) for laser_step
    main.o(i.laserTask_old) refers to cmsis_os.o(i.osDelay) for osDelay
    main.o(i.laser_step) refers to vl53l0x.o(i.VL53L0X_ReadDistance) for VL53L0X_ReadDistance
    main.o(i.laser_step) refers to ffltui.o(.text) for __aeabi_ui2f
    main.o(i.laser_step) refers to fdiv.o(.text) for __aeabi_fdiv
    main.o(i.laser_step) refers to f2d.o(.text) for __aeabi_f2d
    main.o(i.laser_step) refers to printfa.o(i.__0printf) for __2printf
    main.o(i.laser_step) refers to cmsis_os.o(i.osMutexWait) for osMutexWait
    main.o(i.laser_step) refers to pca9685.o(i.SG90_SetAngle) for SG90_SetAngle
    main.o(i.laser_step) refers to memcpya.o(.text) for __aeabi_memcpy4
    main.o(i.laser_step) refers to cmsis_os.o(i.osMutexRelease) for osMutexRelease
    main.o(i.laser_step) refers to main.o(.data) for .data
    main.o(i.laser_step) refers to main.o(.bss) for .bss
    main.o(i.main) refers to stm32f1xx_hal.o(i.HAL_Init) for HAL_Init
    main.o(i.main) refers to main.o(i.SystemClock_Config) for SystemClock_Config
    main.o(i.main) refers to gpio.o(i.MX_GPIO_Init) for MX_GPIO_Init
    main.o(i.main) refers to i2c.o(i.MX_I2C1_Init) for MX_I2C1_Init
    main.o(i.main) refers to tim.o(i.MX_TIM2_Init) for MX_TIM2_Init
    main.o(i.main) refers to tim.o(i.MX_TIM3_Init) for MX_TIM3_Init
    main.o(i.main) refers to usart.o(i.MX_USART1_UART_Init) for MX_USART1_UART_Init
    main.o(i.main) refers to usart3.o(i.MX_USART3_UART_Init) for MX_USART3_UART_Init
    main.o(i.main) refers to printfa.o(i.__0printf) for __2printf
[...]
    xPendedTicks                             0x2000008c   Data           4  tasks.o(.data)
    xYieldPending                            0x20000090   Data           4  tasks.o(.data)
    xNumOfOverflows                          0x20000094   Data           4  tasks.o(.data)
    uxTaskNumber                             0x20000098   Data           4  tasks.o(.data)
    xNextTaskUnblockTime                     0x2000009c   Data           4  tasks.o(.data)
    xIdleTaskHandle                          0x200000a0   Data           4  tasks.o(.data)
    uxSchedulerSuspended                     0x200000a4   Data           4  tasks.o(.data)
    pxDelayedTaskList                        0x200000a8   Data           4  tasks.o(.data)
    pxOverflowDelayedTaskList                0x200000ac   Data           4  tasks.o(.data)
    .data                                    0x200000b0   Section       32  heap_4.o(.data)
    pxEnd                                    0x200000b0   Data           4  heap_4.o(.data)
    xFreeBytesRemaining                      0x200000b4   Data           4  heap_4.o(.data)
    xMinimumEverFreeBytesRemaining           0x200000b8   Data           4  heap_4.o(.data)
    xNumberOfSuccessfulAllocations           0x200000bc   Data           4  heap_4.o(.data)
    xNumberOfSuccessfulFrees                 0x200000c0   Data           4  heap_4.o(.data)
    xBlockAllocatedBit                       0x200000c4   Data           4  heap_4.o(.data)
    xStart                                   0x200000c8   Data           8  heap_4.o(.data)
    .data                                    0x200000d0   Section       12  port.o(.data)
    ucMaxSysCallPriority                     0x200000d0   Data           1  port.o(.data)
    uxCriticalNesting                        0x200000d4   Data           4  port.o(.data)
    ulMaxPRIGROUPValue                       0x200000d8   Data           4  port.o(.data)
    .data                                    0x200000dc   Section        8  encoder.o(.data)
    .data                                    0x200000e4   Section       24  kinematics.o(.data)
    x                                        0x200000e4   Data           4  kinematics.o(.data)
    y                                        0x200000e8   Data           4  kinematics.o(.data)
    yaw                                      0x200000ec   Data           4  kinematics.o(.data)
    wheel_dia                                0x200000f0   Data           4  kinematics.o(.data)
    wheel_base                               0x200000f4   Data           4  kinematics.o(.data)
    encoder_ppr                              0x200000f8   Data           4  kinematics.o(.data)
    .data                                    0x200000fc   Section        4  motor.o(.data)
    motor_left                               0x200000fc   Data           2  motor.o(.data)
    motor_right                              0x200000fe   Data           2  motor.o(.data)
    .data                                    0x20000100   Section        1  pca9685.o(.data)
    pca9685_addr                             0x20000100   Data           1  pca9685.o(.data)
    .data                                    0x20000104   Section        8  usart3.o(.data)
    .data                                    0x2000010c   Section        4  i2c_hhc.o(.data)
    .data                                    0x20000110   Section        4  stdout.o(.data)
    .data                                    0x20000114   Section        4  errno.o(.data)
    _errno                                   0x20000114   Data           4  errno.o(.data)
    .bss                                     0x20000118   Section     1560  main.o(.bss)
    .bss                                     0x20000730   Section      596  freertos.o(.bss)
    xIdleTaskTCBBuffer                       0x20000730   Data          84  freertos.o(.bss)
    xIdleStack                               0x20000784   Data         512  freertos.o(.bss)
    .bss                                     0x20000984   Section       84  i2c.o(.bss)
    .bss                                     0x200009d8   Section      216  tim.o(.bss)
    .bss                                     0x20000ab0   Section      272  usart.o(.bss)
    .bss                                     0x20000bc0   Section       72  usart.o(.bss)
    .bss                                     0x20000c08   Section      240  tasks.o(.bss)
    pxReadyTasksLists                        0x20000c08   Data         140  tasks.o(.bss)
    xDelayedTaskList1                        0x20000c94   Data          20  tasks.o(.bss)
    xDelayedTaskList2                        0x20000ca8   Data          20  tasks.o(.bss)
    xPendingReadyList                        0x20000cbc   Data          20  tasks.o(.bss)
    xTasksWaitingTermination                 0x20000cd0   Data          20  tasks.o(.bss)
    xSuspendedTaskList                       0x20000ce4   Data          20  tasks.o(.bss)
    .bss                                     0x20000cf8   Section    16384  heap_4.o(.bss)
    ucHeap                                   0x20000cf8   Data       16384  heap_4.o(.bss)
    .bss                                     0x20004cf8   Section      128  usart3.o(.bss)
    STACK                                    0x20004d78   Section     1024  startup_stm32f103xe.o(STACK)

    Global Symbols

    Symbol Name                              Value     Ov Type        Size  Object(Section)

    BuildAttributes$$THM_ISAv4$P$D$K$B$S$PE$A:L22UL41UL21$X:L11$S22US41US21$IEEE1$IW$USESV6$~STKCKD$USESV7$~SHL$OTIME$ROPI$IEEEX$EBA8$MICROLIB$REQ8$PRES8$EABIv2 0x00000000   Number         0  anon$$obj.o ABSOLUTE
    __ARM_use_no_argv                        0x00000000   Number         0  main.o ABSOLUTE
    _printf_a                                0x00000000   Number         0  stubs.o ABSOLUTE
    _printf_c                                0x00000000   Number         0  stubs.o ABSOLUTE
    _printf_charcount                        0x00000000   Number         0  stubs.o ABSOLUTE
    _printf_d                                0x00000000   Number         0  stubs.o ABSOLUTE
    _printf_e                                0x00000000   Number         0  stubs.o ABSOLUTE
    _printf_f                                0x00000000   Number         0  stubs.o ABSOLUTE
    _printf_flags                            0x00000000   Number         0  stubs.o ABSOLUTE
    _printf_fp_dec                           0x00000000   Number         0  stubs.o ABSOLUTE
    _printf_fp_hex                           0x00000000   Number         0  stubs.o ABSOLUTE
    _printf_g                                0x00000000   Number         0  stubs.o ABSOLUTE
    _printf_i                                0x00000000   Number         0  stubs.o ABSOLUTE
    _printf_int_dec                          0x00000000   Number         0  stubs.o ABSOLUTE
    _printf_l                                0x00000000   Number         0  stubs.o ABSOLUTE
    _printf_lc                               0x00000000   Number         0  stubs.o ABSOLUTE
    _printf_ll                               0x00000000   Number         0  stubs.o ABSOLUTE
    _printf_lld                              0x00000000   Number         0  stubs.o ABSOLUTE
    _printf_lli                              0x00000000   Number         0  stubs.o ABSOLUTE
    _printf_llo                              0x00000000   Number         0  stubs.o ABSOLUTE
    _printf_llu                              0x00000000   Number         0  stubs.o ABSOLUTE
    _printf_llx                              0x00000000   Number         0  stubs.o ABSOLUTE
    _printf_longlong_dec                     0x00000000   Number         0  stubs.o ABSOLUTE
    _printf_longlong_hex                     0x00000000   Number         0  stubs.o ABSOLUTE
    _printf_longlong_oct                     0x00000000   Number         0  stubs.o ABSOLUTE
    _printf_ls                               0x00000000   Number         0  stubs.o ABSOLUTE
    _printf_mbtowc                           0x00000000   Number         0  stubs.o ABSOLUTE
    _printf_n                                0x00000000   Number         0  stubs.o ABSOLUTE
    _printf_o                                0x00000000   Number         0  stubs.o ABSOLUTE
    _printf_p                                0x00000000   Number         0  stubs.o ABSOLUTE
    _printf_percent                          0x00000000   Number         0  stubs.o ABSOLUTE
    _printf_pre_padding                      0x00000000   Number         0  stubs.o ABSOLUTE
    _printf_return_value                     0x00000000   Number         0  stubs.o ABSOLUTE
    _printf_s                                0x00000000   Number         0  stubs.o ABSOLUTE
    _printf_sizespec                         0x00000000   Number         0  stubs.o ABSOLUTE
    _printf_str                              0x00000000   Number         0  stubs.o ABSOLUTE
    _printf_truncate_signed                  0x00000000   Number         0  stubs.o ABSOLUTE
    _printf_truncate_unsigned                0x00000000   Number         0  stubs.o ABSOLUTE
    _printf_u                                0x00000000   Number         0  stubs.o ABSOLUTE
    _printf_wc                               0x00000000   Number         0  stubs.o ABSOLUTE
    _printf_wctomb                           0x00000000   Number         0  stubs.o ABSOLUTE
    _printf_widthprec                        0x00000000   Number         0  stubs.o ABSOLUTE
    _printf_x                                0x00000000   Number         0  stubs.o ABSOLUTE
    __arm_fini_                               - Undefined Weak Reference
    __cpp_initialize__aeabi_                  - Undefined Weak Reference
    __cxa_finalize                            - Undefined Weak Reference
    __decompress                              - Undefined Weak Reference
    _clock_init                               - Undefined Weak Reference
    _microlib_exit                            - Undefined Weak Reference
    _scanf_int                                - Undefined Weak Reference
    _scanf_longlong                           - Undefined Weak Reference
    _scanf_string                             - Undefined Weak Reference
    __Vectors_Size                           0x00000130   Number         0  startup_stm32f103xe.o ABSOLUTE
    __Vectors                                0x08000000   Data           4  startup_stm32f103xe.o(RESET)
    __Vectors_End                            0x08000130   Data           0  startup_stm32f103xe.o(RESET)
    __main                                   0x08000131   Thumb Code     0  entry.o(.ARM.Collect$$$$00000000)
    _main_stk                                0x08000131   Thumb Code     0  entry2.o(.ARM.Collect$$$$00000001)
    _main_scatterload                        0x08000135   Thumb Code     0  entry5.o(.ARM.Collect$$$$00000004)
    __main_after_scatterload                 0x08000139   Thumb Code     0  entry5.o(.ARM.Collect$$$$00000004)
    _main_clock                              0x08000139   Thumb Code     0  entry7b.o(.ARM.Collect$$$$00000008)
    _main_cpp_init                           0x08000139   Thumb Code     0  entry8b.o(.ARM.Collect$$$$0000000A)
    _main_init                               0x08000139   Thumb Code     0  entry9a.o(.ARM.Collect$$$$0000000B)
    __rt_lib_shutdown_fini                   0x08000141   Thumb Code     0  entry12b.o(.ARM.Collect$$$$0000000E)
    __rt_final_cpp                           0x08000145   Thumb Code     0  entry10a.o(.ARM.Collect$$$$0000000F)
    __rt_final_exit                          0x08000145   Thumb Code     0  entry11a.o(.ARM.Collect$$$$00000011)
    SVC_Handler                              0x08000149   Thumb Code    32  port.o(.emb_text)
    __asm___6_port_c_39a90d8d__prvStartFirstTask 0x0800016d   Thumb Code    28  port.o(.emb_text)
    PendSV_Handler                           0x0800018d   Thumb Code    72  port.o(.emb_text)
    vPortGetIPSR                             0x080001d9   Thumb Code     6  port.o(.emb_text)
    Reset_Handler                            0x080001e1   Thumb Code     8  startup_stm32f103xe.o(.text)
    ADC1_2_IRQHandler                        0x080001fb   Thumb Code     0  startup_stm32f103xe.o(.text)
    ADC3_IRQHandler                          0x080001fb   Thumb Code     0  startup_stm32f103xe.o(.text)
    CAN1_RX1_IRQHandler                      0x080001fb   Thumb Code     0  startup_stm32f103xe.o(.text)
    CAN1_SCE_IRQHandler                      0x080001fb   Thumb Code     0  startup_stm32f103xe.o(.text)
    DMA1_Channel1_IRQHandler                 0x080001fb   Thumb Code     0  startup_stm32f103xe.o(.text)
    DMA1_Channel2_IRQHandler                 0x080001fb   Thumb Code     0  startup_stm32f103xe.o(.text)
    DMA1_Channel3_IRQHandler                 0x080001fb   Thumb Code     0  startup_stm32f103xe.o(.text)
    DMA1_Channel4_IRQHandler                 0x080001fb   Thumb Code     0  startup_stm32f103xe.o(.text)
    DMA1_Channel5_IRQHandler                 0x080001fb   Thumb Code     0  startup_stm32f103xe.o(.text)
    DMA1_Channel6_IRQHandler                 0x080001fb   Thumb Code     0  startup_stm32f103xe.o(.text)
    DMA1_Channel7_IRQHandler                 0x080001fb   Thumb Code     0  startup_stm32f103xe.o(.text)
    DMA2_Channel1_IRQHandler                 0x080001fb   Thumb Code     0  startup_stm32f103xe.o(.text)
    DMA2_Channel2_IRQHandler                 0x080001fb   Thumb Code     0  startup_stm32f103xe.o(.text)
    DMA2_Channel3_IRQHandler                 0x080001fb   Thumb Code     0  startup_stm32f103xe.o(.text)
    DMA2_Channel4_5_IRQHandler               0x080001fb   Thumb Code     0  startup_stm32f103xe.o(.text)
    EXTI0_IRQHandler                         0x080001fb   Thumb Code     0  startup_stm32f103xe.o(.text)
    EXTI15_10_IRQHandler                     0x080001fb   Thumb Code     0  startup_stm32f103xe.o(.text)
    EXTI1_IRQHandler                         0x080001fb   Thumb Code     0  startup_stm32f103xe.o(.text)
    EXTI2_IRQHandler                         0x080001fb   Thumb Code     0  startup_stm32f103xe.o(.text)
    EXTI3_IRQHandler                         0x080001fb   Thumb Code     0  startup_stm32f103xe.o(.text)
    EXTI4_IRQHandler                         0x080001fb   Thumb Code     0  startup_stm32f103xe.o(.text)
    EXTI9_5_IRQHandler                       0x080001fb   Thumb Code     0  startup_stm32f103xe.o(.text)
    FLASH_IRQHandler                         0x080001fb   Thumb Code     0  startup_stm32f103xe.o(.text)
    FSMC_IRQHandler                          0x080001fb   Thumb Code     0  startup_stm32f103xe.o(.text)
    I2C1_ER_IRQHandler                       0x080001fb   Thumb Code     0  startup_stm32f103xe.o(.text)
    I2C1_EV_IRQHandler                       0x080001fb   Thumb Code     0  startup_stm32f103xe.o(.text)
    I2C2_ER_IRQHandler                       0x080001fb   Thumb Code     0  startup_stm32f103xe.o(.text)
    I2C2_EV_IRQHandler                       0x080001fb   Thumb Code     0  startup_stm32f103xe.o(.text)
    PVD_IRQHandler                           0x080001fb   Thumb Code     0  startup_stm32f103xe.o(.text)
    RCC_IRQHandler                           0x080001fb   Thumb Code     0  startup_stm32f103xe.o(.text)
    RTC_Alarm_IRQHandler                     0x080001fb   Thumb Code     0  startup_stm32f103xe.o(.text)
    RTC_IRQHandler                           0x080001fb   Thumb Code     0  startup_stm32f103xe.o(.text)
    SDIO_IRQHandler                          0x080001fb   Thumb Code     0  startup_stm32f103xe.o(.text)
    SPI1_IRQHandler                          0x080001fb   Thumb Code     0  startup_stm32f103xe.o(.text)
    SPI2_IRQHandler                          0x080001fb   Thumb Code     0  startup_stm32f103xe.o(.text)
    SPI3_IRQHandler                          0x080001fb   Thumb Code     0  startup_stm32f103xe.o(.text)
    TAMPER_IRQHandler                        0x080001fb   Thumb Code     0  startup_stm32f103xe.o(.text)
    TIM1_BRK_IRQHandler                      0x080001fb   Thumb Code     0  startup_stm32f103xe.o(.text)
    TIM1_CC_IRQHandler                       0x080001fb   Thumb Code     0  startup_stm32f103xe.o(.text)
    TIM1_TRG_COM_IRQHandler                  0x080001fb   Thumb Code     0  startup_stm32f103xe.o(.text)
    TIM2_IRQHandler                          0x080001fb   Thumb Code     0  startup_stm32f103xe.o(.text)
    TIM3_IRQHandler                          0x080001fb   Thumb Code     0  startup_stm32f103xe.o(.text)
    TIM4_IRQHandler                          0x080001fb   Thumb Code     0  startup_stm32f103xe.o(.text)
    TIM5_IRQHandler                          0x080001fb   Thumb Code     0  startup_stm32f103xe.o(.text)
    TIM6_IRQHandler                          0x080001fb   Thumb Code     0  startup_stm32f103xe.o(.text)
    TIM7_IRQHandler                          0x080001fb   Thumb Code     0  startup_stm32f103xe.o(.text)
    TIM8_BRK_IRQHandler                      0x080001fb   Thumb Code     0  startup_stm32f103xe.o(.text)
    TIM8_CC_IRQHandler                       0x080001fb   Thumb Code     0  startup_stm32f103xe.o(.text)
    TIM8_TRG_COM_IRQHandler                  0x080001fb   Thumb Code     0  startup_stm32f103xe.o(.text)
    TIM8_UP_IRQHandler                       0x080001fb   Thumb Code     0  startup_stm32f103xe.o(.text)
    UART4_IRQHandler                         0x080001fb   Thumb Code     0  startup_stm32f103xe.o(.text)
    UART5_IRQHandler                         0x080001fb   Thumb Code     0  startup_stm32f103xe.o(.text)
    USART2_IRQHandler                        0x080001fb   Thumb Code     0  startup_stm32f103xe.o(.text)
    USBWakeUp_IRQHandler                     0x080001fb   Thumb Code     0  startup_stm32f103xe.o(.text)
    USB_HP_CAN1_TX_IRQHandler                0x080001fb   Thumb Code     0  startup_stm32f103xe.o(.text)
    USB_LP_CAN1_RX0_IRQHandler               0x080001fb   Thumb Code     0  startup_stm32f103xe.o(.text)
    WWDG_IRQHandler                          0x080001fb   Thumb Code     0  startup_stm32f103xe.o(.text)
    __aeabi_llsr                             0x08000205   Thumb Code    32  llushr.o(.text)
    _ll_ushift_r                             0x08000205   Thumb Code     0  llushr.o(.text)
    __aeabi_memcpy                           0x08000225   Thumb Code    36  memcpya.o(.text)
    __aeabi_memcpy4                          0x08000225   Thumb Code     0  memcpya.o(.text)
    __aeabi_memcpy8                          0x08000225   Thumb Code     0  memcpya.o(.text)
    __aeabi_memset                           0x08000249   Thumb Code    14  memseta.o(.text)
    __aeabi_memset4                          0x08000249   Thumb Code     0  memseta.o(.text)
    __aeabi_memset8                          0x08000249   Thumb Code     0  memseta.o(.text)
    __aeabi_memclr                           0x08000257   Thumb Code     4  memseta.o(.text)
    __aeabi_memclr4                          0x08000257   Thumb Code     0  memseta.o(.text)
    __aeabi_memclr8                          0x08000257   Thumb Code     0  memseta.o(.text)
    memset                                   0x0800025b   Thumb Code    18  memseta.o(.text)
    __0sscanf                                0x0800026d   Thumb Code    48  __0sscanf.o(.text)
    _scanf_real                              0x080003cd   Thumb Code     0  scanf_fp.o(.text)
    _scanf_really_real                       0x080003cd   Thumb Code   556  scanf_fp.o(.text)
    __aeabi_fadd                             0x08000605   Thumb Code   164  fadd.o(.text)
    __aeabi_fsub                             0x080006a9   Thumb Code     6  fadd.o(.text)
    __aeabi_frsub                            0x080006af   Thumb Code     6  fadd.o(.text)
    __aeabi_fmul                             0x080006b5   Thumb Code   100  fmul.o(.text)
    __aeabi_fdiv                             0x08000719   Thumb Code   124  fdiv.o(.text)
    __ARM_scalbnf                            0x08000795   Thumb Code    24  fscalb.o(.text)
    scalbnf                                  0x08000795   Thumb Code     0  fscalb.o(.text)
    __aeabi_dadd                             0x080007ad   Thumb Code   322  dadd.o(.text)
    __aeabi_dsub                             0x080008ef   Thumb Code     6  dadd.o(.text)
    __aeabi_drsub                            0x080008f5   Thumb Code     6  dadd.o(.text)
    __aeabi_dmul                             0x080008fb   Thumb Code   228  dmul.o(.text)
    __aeabi_i2f                              0x080009df   Thumb Code    18  fflti.o(.text)
    __aeabi_ui2f                             0x080009f1   Thumb Code    10  ffltui.o(.text)
    __aeabi_f2iz                             0x080009fb   Thumb Code    50  ffixi.o(.text)
    __aeabi_f2d                              0x08000a2d   Thumb Code    38  f2d.o(.text)
    __aeabi_d2f                              0x08000a53   Thumb Code    56  d2f.o(.text)
    __aeabi_cfcmpeq                          0x08000a8d   Thumb Code     0  cfcmple.o(.text)
    __aeabi_cfcmple                          0x08000a8d   Thumb Code    20  cfcmple.o(.text)
    __aeabi_cfrcmple                         0x08000aa1   Thumb Code    20  cfrcmple.o(.text)
    __aeabi_uidiv                            0x08000ab5   Thumb Code     0  uidiv.o(.text)
    __aeabi_uidivmod                         0x08000ab5   Thumb Code    44  uidiv.o(.text)
    __aeabi_uldivmod                         0x08000ae1   Thumb Code    98  uldiv.o(.text)
    __aeabi_llsl                             0x08000b43   Thumb Code    30  llshl.o(.text)
    _ll_shift_l                              0x08000b43   Thumb Code     0  llshl.o(.text)
    __aeabi_lasr                             0x08000b61   Thumb Code    36  llsshr.o(.text)
    _ll_sshift_r                             0x08000b61   Thumb Code     0  llsshr.o(.text)
    __vfscanf_char                           0x08000b91   Thumb Code    20  scanf_char.o(.text)
    _sgetc                                   0x08000bad   Thumb Code    30  _sgetc.o(.text)
    _sbackspace                              0x08000bcb   Thumb Code    34  _sgetc.o(.text)
    __I$use$fp                               0x08000bed   Thumb Code     0  iusefp.o(.text)
    _float_round                             0x08000bed   Thumb Code    18  fepilogue.o(.text)
    _float_epilogue                          0x08000bff   Thumb Code    92  fepilogue.o(.text)
    _frnd                                    0x08000c5b   Thumb Code    60  frnd.o(.text)
    _double_round                            0x08000c97   Thumb Code    30  depilogue.o(.text)
    _double_epilogue                         0x08000cb5   Thumb Code   156  depilogue.o(.text)
    __aeabi_ddiv                             0x08000d51   Thumb Code   222  ddiv.o(.text)
    __aeabi_ul2d                             0x08000e2f   Thumb Code    24  dfltul.o(.text)
    __aeabi_d2ulz                            0x08000e47   Thumb Code    48  dfixul.o(.text)
    __aeabi_cdrcmple                         0x08000e79   Thumb Code    48  cdrcmple.o(.text)
    __scatterload                            0x08000ea9   Thumb Code    28  init.o(.text)
    __scatterload_rt2                        0x08000ea9   Thumb Code     0  init.o(.text)
    isspace                                  0x08000ecd   Thumb Code    10  isspace_c.o(.text)
    __vfscanf                                0x08000ed9   Thumb Code   810  _scanf.o(.text)
    __ctype_lookup                           0x08001209   Thumb Code    34  ctype_c.o(.text)
    BusFault_Handler                         0x08001231   Thumb Code     2  stm32f1xx_it.o(i.BusFault_Handler)
    DebugMon_Handler                         0x08001233   Thumb Code     2  stm32f1xx_it.o(i.DebugMon_Handler)
    Encoder_GetLeft                          0x08001235   Thumb Code     6  encoder.o(i.Encoder_GetLeft)
    Encoder_GetRight                         0x08001241   Thumb Code     6  encoder.o(i.Encoder_GetRight)
    Encoder_GetSpeedLeft                     0x0800124d   Thumb Code     4  encoder.o(i.Encoder_GetSpeedLeft)
    Encoder_GetSpeedRight                    0x08001251   Thumb Code     4  encoder.o(i.Encoder_GetSpeedRight)
    Encoder_Init                             0x08001255   Thumb Code    40  encoder.o(i.Encoder_Init)
    Error_Handler                            0x08001289   Thumb Code    24  main.o(i.Error_Handler)
    HAL_DMA_Abort                            0x080012a5   Thumb Code    70  stm32f1xx_hal_dma.o(i.HAL_DMA_Abort)
    HAL_DMA_Abort_IT                         0x080012ed   Thumb Code   296  stm32f1xx_hal_dma.o(i.HAL_DMA_Abort_IT)
    HAL_Delay                                0x0800141d   Thumb Code    32  stm32f1xx_hal.o(i.HAL_Delay)
    HAL_GPIO_Init                            0x08001441   Thumb Code   462  stm32f1xx_hal_gpio.o(i.HAL_GPIO_Init)
    HAL_GPIO_ReadPin                         0x08001639   Thumb Code    10  stm32f1xx_hal_gpio.o(i.HAL_GPIO_ReadPin)
    HAL_GPIO_TogglePin                       0x08001643   Thumb Code    16  stm32f1xx_hal_gpio.o(i.HAL_GPIO_TogglePin)
    HAL_GPIO_WritePin                        0x08001653   Thumb Code    10  stm32f1xx_hal_gpio.o(i.HAL_GPIO_WritePin)
    HAL_GetTick                              0x0800165d   Thumb Code     6  stm32f1xx_hal.o(i.HAL_GetTick)
    HAL_I2C_Init                             0x08001669   Thumb Code   376  stm32f1xx_hal_i2c.o(i.HAL_I2C_Init)
    HAL_I2C_Master_Transmit                  0x080017f1   Thumb Code   290  stm32f1xx_hal_i2c.o(i.HAL_I2C_Master_Transmit)
    HAL_I2C_MspInit                          0x0800191d   Thumb Code    80  i2c.o(i.HAL_I2C_MspInit)
    HAL_IncTick                              0x08001979   Thumb Code    12  stm32f1xx_hal.o(i.HAL_IncTick)
    HAL_Init                                 0x08001989   Thumb Code    32  stm32f1xx_hal.o(i.HAL_Init)
    HAL_InitTick                             0x080019ad   Thumb Code    54  stm32f1xx_hal.o(i.HAL_InitTick)
    HAL_MspInit                              0x080019ed   Thumb Code    48  stm32f1xx_hal_msp.o(i.HAL_MspInit)
    HAL_NVIC_EnableIRQ                       0x08001a21   Thumb Code    26  stm32f1xx_hal_cortex.o(i.HAL_NVIC_EnableIRQ)
    HAL_NVIC_SetPriority                     0x08001a3d   Thumb Code    60  stm32f1xx_hal_cortex.o(i.HAL_NVIC_SetPriority)
    HAL_NVIC_SetPriorityGrouping             0x08001a7d   Thumb Code    26  stm32f1xx_hal_cortex.o(i.HAL_NVIC_SetPriorityGrouping)
    HAL_RCC_ClockConfig                      0x08001aa1   Thumb Code   280  stm32f1xx_hal_rcc.o(i.HAL_RCC_ClockConfig)
    HAL_RCC_GetPCLK1Freq                     0x08001bcd   Thumb Code    20  stm32f1xx_hal_rcc.o(i.HAL_RCC_GetPCLK1Freq)
    HAL_RCC_GetPCLK2Freq                     0x08001bed   Thumb Code    20  stm32f1xx_hal_rcc.o(i.HAL_RCC_GetPCLK2Freq)
    HAL_RCC_GetSysClockFreq                  0x08001c0d   Thumb Code    58  stm32f1xx_hal_rcc.o(i.HAL_RCC_GetSysClockFreq)
    HAL_RCC_OscConfig                        0x08001c59   Thumb Code   778  stm32f1xx_hal_rcc.o(i.HAL_RCC_OscConfig)
    HAL_SYSTICK_Config                       0x08001f79   Thumb Code    40  stm32f1xx_hal_cortex.o(i.HAL_SYSTICK_Config)
    HAL_TIMEx_BreakCallback                  0x08001fa1   Thumb Code     2  stm32f1xx_hal_tim_ex.o(i.HAL_TIMEx_BreakCallback)
    HAL_TIMEx_CommutCallback                 0x08001fa3   Thumb Code     2  stm32f1xx_hal_tim_ex.o(i.HAL_TIMEx_CommutCallback)
    HAL_TIMEx_MasterConfigSynchronization    0x08001fa5   Thumb Code   104  stm32f1xx_hal_tim_ex.o(i.HAL_TIMEx_MasterConfigSynchronization)
    HAL_TIM_Encoder_Start                    0x08002021   Thumb Code   142  stm32f1xx_hal_tim.o(i.HAL_TIM_Encoder_Start)
    HAL_TIM_IC_CaptureCallback               0x080020af   Thumb Code     2  stm32f1xx_hal_tim.o(i.HAL_TIM_IC_CaptureCallback)
    HAL_TIM_IRQHandler                       0x080020b1   Thumb Code   304  stm32f1xx_hal_tim.o(i.HAL_TIM_IRQHandler)
    HAL_TIM_OC_DelayElapsedCallback          0x080021e1   Thumb Code     2  stm32f1xx_hal_tim.o(i.HAL_TIM_OC_DelayElapsedCallback)
    HAL_TIM_PWM_ConfigChannel                0x080021e3   Thumb Code   204  stm32f1xx_hal_tim.o(i.HAL_TIM_PWM_ConfigChannel)
    HAL_TIM_PWM_Init                         0x080022af   Thumb Code    90  stm32f1xx_hal_tim.o(i.HAL_TIM_PWM_Init)
    HAL_TIM_PWM_MspInit                      0x08002309   Thumb Code   134  tim.o(i.HAL_TIM_PWM_MspInit)
    HAL_TIM_PWM_PulseFinishedCallback        0x080023a1   Thumb Code     2  stm32f1xx_hal_tim.o(i.HAL_TIM_PWM_PulseFinishedCallback)
    HAL_TIM_PWM_Start                        0x080023a5   Thumb Code   160  stm32f1xx_hal_tim.o(i.HAL_TIM_PWM_Start)
    HAL_TIM_PeriodElapsedCallback            0x08002459   Thumb Code    42  main.o(i.HAL_TIM_PeriodElapsedCallback)
    HAL_TIM_TriggerCallback                  0x08002495   Thumb Code     2  stm32f1xx_hal_tim.o(i.HAL_TIM_TriggerCallback)
    HAL_UARTEx_RxEventCallback               0x08002497   Thumb Code     2  stm32f1xx_hal_uart.o(i.HAL_UARTEx_RxEventCallback)
    HAL_UART_ErrorCallback                   0x08002499   Thumb Code     2  stm32f1xx_hal_uart.o(i.HAL_UART_ErrorCallback)
    HAL_UART_IRQHandler                      0x0800249d   Thumb Code   616  stm32f1xx_hal_uart.o(i.HAL_UART_IRQHandler)
    HAL_UART_Init                            0x08002709   Thumb Code   100  stm32f1xx_hal_uart.o(i.HAL_UART_Init)
    HAL_UART_MspInit                         0x0800276d   Thumb Code   186  usart.o(i.HAL_UART_MspInit)
    HAL_UART_Receive_IT                      0x0800283d   Thumb Code    28  stm32f1xx_hal_uart.o(i.HAL_UART_Receive_IT)
    HAL_UART_RxCpltCallback                  0x08002859   Thumb Code     2  stm32f1xx_hal_uart.o(i.HAL_UART_RxCpltCallback)
    HAL_UART_Transmit                        0x0800285b   Thumb Code   160  stm32f1xx_hal_uart.o(i.HAL_UART_Transmit)
    HAL_UART_TxCpltCallback                  0x080028fb   Thumb Code     2  stm32f1xx_hal_uart.o(i.HAL_UART_TxCpltCallback)
    HardFault_Handler                        0x080028fd   Thumb Code     2  stm32f1xx_it.o(i.HardFault_Handler)
    I2C_InitMutex                            0x08002901   Thumb Code    20  i2c_hhc.o(i.I2C_InitMutex)
    I2C_WriteReg                             0x08002c19   Thumb Code    74  i2c_hhc.o(i.I2C_WriteReg)
    I2C_WriteRegs_4                          0x08002c99   Thumb Code    92  i2c_hhc.o(i.I2C_WriteRegs_4)
    IIC_ReadByte                             0x08002d2d   Thumb Code   146  vl53l0x.o(i.IIC_ReadByte)
    IIC_Start                                0x08002dc5   Thumb Code    64  vl53l0x.o(i.IIC_Start)
    IIC_Stop                                 0x08002e09   Thumb Code    54  vl53l0x.o(i.IIC_Stop)
    IIC_WriteByte                            0x08002e45   Thumb Code   128  vl53l0x.o(i.IIC_WriteByte)
    Kinematic_Analyze                        0x08002ec9   Thumb Code    54  kinematics.o(i.Kinematic_Analyze)
    Kinematic_Init                           0x08002f05   Thumb Code     8  kinematics.o(i.Kinematic_Init)
    Kinematic_Update                         0x08002f11   Thumb Code   220  kinematics.o(i.Kinematic_Update)
    MX_FREERTOS_Init                         0x08002ffd   Thumb Code    48  freertos.o(i.MX_FREERTOS_Init)
    MX_GPIO_Init                             0x0800308d   Thumb Code    38  gpio.o(i.MX_GPIO_Init)
    MX_I2C1_Init                             0x080030b9   Thumb Code    50  i2c.o(i.MX_I2C1_Init)
    MX_TIM2_Init                             0x080030f9   Thumb Code   148  tim.o(i.MX_TIM2_Init)
    MX_TIM3_Init                             0x08003191   Thumb Code   220  tim.o(i.MX_TIM3_Init)
    MX_USART1_UART_Init                      0x08003275   Thumb Code    54  usart.o(i.MX_USART1_UART_Init)
    MX_USART3_UART_Init                      0x080032b5   Thumb Code   144  usart3.o(i.MX_USART3_UART_Init)
    MemManage_Handler                        0x08003355   Thumb Code     2  stm32f1xx_it.o(i.MemManage_Handler)
    Motor_Init                               0x08003359   Thumb Code    52  motor.o(i.Motor_Init)
    Motor_SetSpeed                           0x0800340d   Thumb Code    18  motor.o(i.Motor_SetSpeed)
    Motor_Stop                               0x0800341f   Thumb Code     8  motor.o(i.Motor_Stop)
    NMI_Handler                              0x08003427   Thumb Code     2  stm32f1xx_it.o(i.NMI_Handler)
    OLED_Init                                0x08003429   Thumb Code   208  oled.o(i.OLED_Init)
    OLED_WriteCmd                            0x080034f9   Thumb Code    34  oled.o(i.OLED_WriteCmd)
    OLED_WriteData                           0x08003521   Thumb Code    36  oled.o(i.OLED_WriteData)
    PCA9685_Init                             0x0800354d   Thumb Code   100  pca9685.o(i.PCA9685_Init)
    PID_Calc                                 0x080035d5   Thumb Code   130  pid.o(i.PID_Calc)
    PID_Init                                 0x08003657   Thumb Code    28  pid.o(i.PID_Init)
    SG90_Channel0_Init                       0x08003675   Thumb Code    28  pca9685.o(i.SG90_Channel0_Init)
    SG90_SetAngle                            0x080036a9   Thumb Code    54  pca9685.o(i.SG90_SetAngle)
    SysTick_Handler                          0x080036e5   Thumb Code    24  stm32f1xx_it.o(i.SysTick_Handler)
    SystemClock_Config                       0x080036fd   Thumb Code    88  main.o(i.SystemClock_Config)
    SystemInit                               0x08003755   Thumb Code     2  system_stm32f1xx.o(i.SystemInit)
    TIM1_UP_IRQHandler                       0x08003759   Thumb Code     6  tim.o(i.TIM1_UP_IRQHandler)
    TIM_Base_SetConfig                       0x08003765   Thumb Code   134  stm32f1xx_hal_tim.o(i.TIM_Base_SetConfig)
    TIM_CCxChannelCmd                        0x08003801   Thumb Code    26  stm32f1xx_hal_tim.o(i.TIM_CCxChannelCmd)
    TIM_OC2_SetConfig                        0x0800387d   Thumb Code    98  stm32f1xx_hal_tim.o(i.TIM_OC2_SetConfig)
    UART_Start_Receive_IT                    0x08003b79   Thumb Code    54  stm32f1xx_hal_uart.o(i.UART_Start_Receive_IT)
    USART1_IRQHandler                        0x08003c21   Thumb Code    88  usart.o(i.USART1_IRQHandler)
    USART3_ClearBuf                          0x08003c85   Thumb Code    18  usart3.o(i.USART3_ClearBuf)
    USART3_IRQHandler                        0x08003ca5   Thumb Code    54  usart3.o(i.USART3_IRQHandler)
    USART3_SendByte                          0x08003ced   Thumb Code    16  usart3.o(i.USART3_SendByte)
    USART3_SendString                        0x08003d01   Thumb Code    22  usart3.o(i.USART3_SendString)
    UsageFault_Handler                       0x08003d17   Thumb Code     2  stm32f1xx_it.o(i.UsageFault_Handler)
    VL53L0X_Init                             0x08003d19   Thumb Code   152  vl53l0x.o(i.VL53L0X_Init)
    VL53L0X_ReadDistance                     0x08003e1d   Thumb Code    72  vl53l0x.o(i.VL53L0X_ReadDistance)
    VL_Read                                  0x08003e65   Thumb Code    52  vl53l0x.o(i.VL_Read)
    VL_Write                                 0x08003e99   Thumb Code    42  vl53l0x.o(i.VL_Write)
    __0printf                                0x08003ec5   Thumb Code    22  printfa.o(i.__0printf)
    __1printf                                0x08003ec5   Thumb Code     0  printfa.o(i.__0printf)
    __2printf                                0x08003ec5   Thumb Code     0  printfa.o(i.__0printf)
    __c89printf                              0x08003ec5   Thumb Code     0  printfa.o(i.__0printf)
    printf                                   0x08003ec5   Thumb Code     0  printfa.o(i.__0printf)
    __0sprintf                               0x08003ee5   Thumb Code    34  printfa.o(i.__0sprintf)
    __1sprintf                               0x08003ee5   Thumb Code     0  printfa.o(i.__0sprintf)
    __2sprintf                               0x08003ee5   Thumb Code     0  printfa.o(i.__0sprintf)
    __c89sprintf                             0x08003ee5   Thumb Code     0  printfa.o(i.__0sprintf)
    sprintf                                  0x08003ee5   Thumb Code     0  printfa.o(i.__0sprintf)
    __ARM_fpclassifyf                        0x08003f0d   Thumb Code    38  fpclassifyf.o(i.__ARM_fpclassifyf)
    __mathlib_flt_infnan                     0x08003f53   Thumb Code     6  funder.o(i.__mathlib_flt_infnan)
    __mathlib_flt_invalid                    0x08003f59   Thumb Code     8  funder.o(i.__mathlib_flt_invalid)
    __mathlib_flt_underflow                  0x08003f61   Thumb Code    10  funder.o(i.__mathlib_flt_underflow)
    __mathlib_rredf2                         0x08003f6d   Thumb Code   344  rredf.o(i.__mathlib_rredf2)
    __scatterload_copy                       0x080040d5   Thumb Code    14  handlers.o(i.__scatterload_copy)
    __scatterload_null                       0x080040e3   Thumb Code     2  handlers.o(i.__scatterload_null)
    __scatterload_zeroinit                   0x080040e5   Thumb Code    14  handlers.o(i.__scatterload_zeroinit)
    __set_errno                              0x080040f5   Thumb Code     6  errno.o(i.__set_errno)
    _is_digit                                0x08004285   Thumb Code    14  scanf_fp.o(i._is_digit)
    cmdRecvTask                              0x080049a5   Thumb Code    72  main.o(i.cmdRecvTask)
    cosf                                     0x080049fd   Thumb Code   328  cosf.o(i.cosf)
    delay_us                                 0x08004b79   Thumb Code    24  sys.o(i.delay_us)
    fast_ros_init                            0x08004b99   Thumb Code     2  fast_ros.o(i.fast_ros_init)
    fast_ros_parse_cmd_vel                   0x08004b9d   Thumb Code    28  fast_ros.o(i.fast_ros_parse_cmd_vel)
    fast_ros_send_odom                       0x08004bc5   Thumb Code    88  fast_ros.o(i.fast_ros_send_odom)
    fast_ros_send_scan                       0x08004c3d   Thumb Code   136  fast_ros.o(i.fast_ros_send_scan)
    fputc                                    0x08004ce1   Thumb Code    18  usart.o(i.fputc)
    laserTask                                0x08004d05   Thumb Code    22  main.o(i.laserTask)
    laser_step                               0x08004d1d   Thumb Code   156  main.o(i.laser_step)
    main                                     0x08004dd5   Thumb Code   108  main.o(i.main)
    motorPidTask                             0x08004ee5   Thumb Code   154  main.o(i.motorPidTask)
    odomPubTask                              0x08004f95   Thumb Code    58  main.o(i.odomPubTask)
    osDelay                                  0x08004fd9   Thumb Code    14  cmsis_os.o(i.osDelay)
    osKernelStart                            0x08004fe7   Thumb Code    10  cmsis_os.o(i.osKernelStart)
    osMutexCreate                            0x08004ff1   Thumb Code    16  cmsis_os.o(i.osMutexCreate)
    osMutexRelease                           0x08005001   Thumb Code    74  cmsis_os.o(i.osMutexRelease)
    osMutexWait                              0x08005051   Thumb Code    96  cmsis_os.o(i.osMutexWait)
    osThreadCreate                           0x080050b5   Thumb Code    84  cmsis_os.o(i.osThreadCreate)
    osThreadTerminate                        0x08005109   Thumb Code    10  cmsis_os.o(i.osThreadTerminate)
    pvPortMalloc                             0x080055a9   Thumb Code   216  heap_4.o(i.pvPortMalloc)
    pvTaskIncrementMutexHeldCount            0x08005685   Thumb Code    18  tasks.o(i.pvTaskIncrementMutexHeldCount)
    pxPortInitialiseStack                    0x0800569d   Thumb Code    32  port.o(i.pxPortInitialiseStack)
    scanPubTask                              0x080056c1   Thumb Code    56  main.o(i.scanPubTask)
    sinf                                     0x08005705   Thumb Code   338  sinf.o(i.sinf)
    sysInitTask                              0x0800588d   Thumb Code   310  main.o(i.sysInitTask)
    update_odom                              0x08005a99   Thumb Code    46  main.o(i.update_odom)
    uxListRemove                             0x08005acd   Thumb Code    38  list.o(i.uxListRemove)
    vApplicationGetIdleTaskMemory            0x08005af5   Thumb Code    16  freertos.o(i.vApplicationGetIdleTaskMemory)
    vListInitialise                          0x08005b09   Thumb Code    22  list.o(i.vListInitialise)
    vListInitialiseItem                      0x08005b1f   Thumb Code     6  list.o(i.vListInitialiseItem)
    vListInsert                              0x08005b25   Thumb Code    48  list.o(i.vListInsert)
    vListInsertEnd                           0x08005b55   Thumb Code    24  list.o(i.vListInsertEnd)
    vPortEnterCritical                       0x08005b6d   Thumb Code    54  port.o(i.vPortEnterCritical)
    vPortExitCritical                        0x08005bad   Thumb Code    34  port.o(i.vPortExitCritical)
    vPortFree                                0x08005bd5   Thumb Code    94  heap_4.o(i.vPortFree)
    vPortSetupTimerInterrupt                 0x08005c39   Thumb Code    32  port.o(i.vPortSetupTimerInterrupt)
    vPortValidateInterruptPriority           0x08005c5d   Thumb Code    74  port.o(i.vPortValidateInterruptPriority)
    vTaskDelay                               0x08005cb1   Thumb Code    66  tasks.o(i.vTaskDelay)
    vTaskDelayUntil                          0x08005cfd   Thumb Code   132  tasks.o(i.vTaskDelayUntil)
    vTaskDelete                              0x08005d89   Thumb Code   158  tasks.o(i.vTaskDelete)
    vTaskInternalSetTimeOutState             0x08005e35   Thumb Code    12  tasks.o(i.vTaskInternalSetTimeOutState)
    vTaskMissedYield                         0x08005e45   Thumb Code     8  tasks.o(i.vTaskMissedYield)
    vTaskPlaceOnEventList                    0x08005e51   Thumb Code    44  tasks.o(i.vTaskPlaceOnEventList)
    vTaskPriorityDisinheritAfterTimeout      0x08005e81   Thumb Code   152  tasks.o(i.vTaskPriorityDisinheritAfterTimeout)
    vTaskStartScheduler                      0x08005f21   Thumb Code    90  tasks.o(i.vTaskStartScheduler)
    vTaskSuspendAll                          0x08005f8d   Thumb Code    10  tasks.o(i.vTaskSuspendAll)
    vTaskSwitchContext                       0x08005f9d   Thumb Code    82  tasks.o(i.vTaskSwitchContext)
    xPortStartScheduler                      0x08005ff9   Thumb Code   154  port.o(i.xPortStartScheduler)
    xPortSysTickHandler                      0x080060a1   Thumb Code    38  port.o(i.xPortSysTickHandler)
    xQueueCreateMutex                        0x080060cd   Thumb Code    22  queue.o(i.xQueueCreateMutex)
    xQueueCreateMutexStatic                  0x080060e3   Thumb Code    26  queue.o(i.xQueueCreateMutexStatic)
    xQueueGenericCreate                      0x080060fd   Thumb Code    66  queue.o(i.xQueueGenericCreate)
    xQueueGenericCreateStatic                0x0800613f   Thumb Code   102  queue.o(i.xQueueGenericCreateStatic)
    xQueueGenericReset                       0x080061a5   Thumb Code   132  queue.o(i.xQueueGenericReset)
    xQueueGenericSend                        0x0800622d   Thumb Code   346  queue.o(i.xQueueGenericSend)
    xQueueGiveFromISR                        0x0800638d   Thumb Code   156  queue.o(i.xQueueGiveFromISR)
    xQueueReceiveFromISR                     0x08006429   Thumb Code   154  queue.o(i.xQueueReceiveFromISR)
    xQueueSemaphoreTake                      0x080064c5   Thumb Code   372  queue.o(i.xQueueSemaphoreTake)
    xTaskCheckForTimeOut                     0x0800663d   Thumb Code   112  tasks.o(i.xTaskCheckForTimeOut)
    xTaskCreate                              0x080066b1   Thumb Code    90  tasks.o(i.xTaskCreate)
    xTaskCreateStatic                        0x0800670b   Thumb Code    86  tasks.o(i.xTaskCreateStatic)
    xTaskGetSchedulerState                   0x08006761   Thumb Code    22  tasks.o(i.xTaskGetSchedulerState)
    xTaskGetTickCount                        0x0800677d   Thumb Code     6  tasks.o(i.xTaskGetTickCount)
    xTaskIncrementTick                       0x08006789   Thumb Code   194  tasks.o(i.xTaskIncrementTick)
    xTaskPriorityDisinherit                  0x08006855   Thumb Code   144  tasks.o(i.xTaskPriorityDisinherit)
    xTaskPriorityInherit                     0x080068ed   Thumb Code   130  tasks.o(i.xTaskPriorityInherit)
    xTaskRemoveFromEventList                 0x08006979   Thumb Code   108  tasks.o(i.xTaskRemoveFromEventList)
    xTaskResumeAll                           0x080069ed   Thumb Code   182  tasks.o(i.xTaskResumeAll)
    os_mutex_def_laserBufMutex               0x08006ab0   Data           8  main.o(.constdata)
    os_mutex_def_odomDataMutex               0x08006ab8   Data           8  main.o(.constdata)
    AHBPrescTable                            0x08006b7a   Data          16  system_stm32f1xx.o(.constdata)
    APBPrescTable                            0x08006b8a   Data           8  system_stm32f1xx.o(.constdata)
    __ctype_categories                       0x08006bb4   Data          64  ctype_c.o(.constdata)
    Region$$Table$$Base                      0x08006c40   Number         0  anon$$obj.o(Region$$Table)
    Region$$Table$$Limit                     0x08006c60   Number         0  anon$$obj.o(Region$$Table)
    laser_ready                              0x20000000   Data           1  main.o(.data)
    target_vx                                0x20000004   Data           4  main.o(.data)
    target_wz                                0x20000008   Data           4  main.o(.data)
    target_left                              0x2000000c   Data           4  main.o(.data)
    target_right                             0x20000010   Data           4  main.o(.data)
    scan_angle                               0x20000014   Data           4  main.o(.data)
    scan_dir                                 0x20000018   Data           4  main.o(.data)
    odom_x                                   0x2000001c   Data           4  main.o(.data)
    odom_y                                   0x20000020   Data           4  main.o(.data)
    yaw_angle                                0x20000024   Data           4  main.o(.data)
    pwmL                                     0x20000028   Data           4  main.o(.data)
    pwmR                                     0x2000002c   Data           4  main.o(.data)
    dist                                     0x20000030   Data           4  main.o(.data)
    laserTaskHandle                          0x2000003c   Data           4  main.o(.data)
    motorPidTaskHandle                       0x20000040   Data           4  main.o(.data)
    odomPubTaskHandle                        0x20000044   Data           4  main.o(.data)
    scanPubTaskHandle                        0x20000048   Data           4  main.o(.data)
    cmdRecvTaskHandle                        0x2000004c   Data           4  main.o(.data)
    sysInitTaskHandle                        0x20000050   Data           4  main.o(.data)
    laserBufMutexHandle                      0x20000054   Data           4  main.o(.data)
    odomDataMutexHandle                      0x20000058   Data           4  main.o(.data)
    scan_tick                                0x2000005c   Data           4  tim.o(.data)
    scan_running                             0x20000060   Data           1  tim.o(.data)
    USART_RX_STA                             0x20000062   Data           2  usart.o(.data)
    uwTickFreq                               0x20000064   Data           1  stm32f1xx_hal.o(.data)
    uwTickPrio                               0x20000068   Data           4  stm32f1xx_hal.o(.data)
    uwTick                                   0x2000006c   Data           4  stm32f1xx_hal.o(.data)
    SystemCoreClock                          0x20000070   Data           4  system_stm32f1xx.o(.data)
    pxCurrentTCB                             0x20000074   Data           4  tasks.o(.data)
    encoder_left                             0x200000dc   Data           4  encoder.o(.data)
    encoder_right                            0x200000e0   Data           4  encoder.o(.data)
    USART3_RX_FLAG                           0x20000104   Data           1  usart3.o(.data)
    USART3_RX_LEN                            0x20000108   Data           4  usart3.o(.data)
    xI2CMutex                                0x2000010c   Data           4  i2c_hhc.o(.data)
    __stdout                                 0x20000110   Data           4  stdout.o(.data)
    laser_buf0                               0x20000118   Data         480  main.o(.bss)
    laser_buf1                               0x200002f8   Data         480  main.o(.bss)
    laser_pub_buf                            0x200004d8   Data         480  main.o(.bss)
    pid_left                                 0x200006b8   Data          36  main.o(.bss)
    pid_right                                0x200006dc   Data          36  main.o(.bss)
    odom_msg                                 0x20000700   Data          20  main.o(.bss)
    scan_msg                                 0x20000714   Data          28  main.o(.bss)
    hi2c1                                    0x20000984   Data          84  i2c.o(.bss)
    htim1                                    0x200009d8   Data          72  tim.o(.bss)
    htim2                                    0x20000a20   Data          72  tim.o(.bss)
    htim3                                    0x20000a68   Data          72  tim.o(.bss)
    USART_RX_BUF                             0x20000ab0   Data         200  usart.o(.bss)
    huart1                                   0x20000b78   Data          72  usart.o(.bss)
    huart3                                   0x20000bc0   Data          72  usart.o(.bss)
    USART3_RX_BUF                            0x20004cf8   Data         128  usart3.o(.bss)
    __initial_sp                             0x20005178   Data           0  startup_stm32f103xe.o(STACK)



==============================================================================

Memory Map of the image

  Image Entry point : 0x08000131

  Load Region LR_IROM1 (Base: 0x08000000, Size: 0x00006d78, Max: 0x00080000, ABSOLUTE)

    Execution Region ER_IROM1 (Exec base: 0x08000000, Load base: 0x08000000, Size: 0x00006c60, Max: 0x00080000, ABSOLUTE)

    Exec Addr    Load Addr    Size         Type   Attr      Idx    E Section Name        Object

    0x08000000   0x08000000   0x00000130   Data   RO            3    RESET               startup_stm32f103xe.o
    0x08000130   0x08000130   0x00000000   Code   RO         5897  * .ARM.Collect$$$$00000000  mc_w.l(entry.o)
    0x08000130   0x08000130   0x00000004   Code   RO         6254    .ARM.Collect$$$$00000001  mc_w.l(entry2.o)
    0x08000134   0x08000134   0x00000004   Code   RO         6257    .ARM.Collect$$$$00000004  mc_w.l(entry5.o)
    0x08000138   0x08000138   0x00000000   Code   RO         6259    .ARM.Collect$$$$00000008  mc_w.l(entry7b.o)
    0x08000138   0x08000138   0x00000000   Code   RO         6261    .ARM.Collect$$$$0000000A  mc_w.l(entry8b.o)
    0x08000138   0x08000138   0x00000008   Code   RO         6262    .ARM.Collect$$$$0000000B  mc_w.l(entry9a.o)
    0x08000140   0x08000140   0x00000004   Code   RO         6269    .ARM.Collect$$$$0000000E  mc_w.l(entry12b.o)
    0x08000144   0x08000144   0x00000000   Code   RO         6264    .ARM.Collect$$$$0000000F  mc_w.l(entry10a.o)
    0x08000144   0x08000144   0x00000000   Code   RO         6266    .ARM.Collect$$$$00000011  mc_w.l(entry11a.o)
    0x08000144   0x08000144   0x00000004   Code   RO         6255    .ARM.Collect$$$$00002712  mc_w.l(entry2.o)
    0x08000148   0x08000148   0x00000096   Code   RO         4993    .emb_text           port.o
    0x080001de   0x080001de   0x00000002   PAD
    0x080001e0   0x080001e0   0x00000024   Code   RO            4    .text               startup_stm32f103xe.o
    0x08000204   0x08000204   0x00000020   Code   RO         5900    .text               mc_w.l(llushr.o)
    0x08000224   0x08000224   0x00000024   Code   RO         5902    .text               mc_w.l(memcpya.o)
    0x08000248   0x08000248   0x00000024   Code   RO         5906    .text               mc_w.l(memseta.o)
    0x0800026c   0x0800026c   0x00000038   Code   RO         6175    .text               mc_w.l(__0sscanf.o)
    0x080002a4   0x080002a4   0x00000360   Code   RO         6177    .text               mc_w.l(scanf_fp.o)
    0x08000604   0x08000604   0x000000b0   Code   RO         6181    .text               mf_w.l(fadd.o)
    0x080006b4   0x080006b4   0x00000064   Code   RO         6183    .text               mf_w.l(fmul.o)
    0x08000718   0x08000718   0x0000007c   Code   RO         6185    .text               mf_w.l(fdiv.o)
    0x08000794   0x08000794   0x00000018   Code   RO         6187    .text               mf_w.l(fscalb.o)
    0x080007ac   0x080007ac   0x0000014e   Code   RO         6189    .text               mf_w.l(dadd.o)
    0x080008fa   0x080008fa   0x000000e4   Code   RO         6191    .text               mf_w.l(dmul.o)
    0x080009de   0x080009de   0x00000012   Code   RO         6193    .text               mf_w.l(fflti.o)
    0x080009f0   0x080009f0   0x0000000a   Code   RO         6195    .text               mf_w.l(ffltui.o)
    0x080009fa   0x080009fa   0x00000032   Code   RO         6197    .text               mf_w.l(ffixi.o)
    0x08000a2c   0x08000a2c   0x00000026   Code   RO         6199    .text               mf_w.l(f2d.o)
    0x08000a52   0x08000a52   0x00000038   Code   RO         6201    .text               mf_w.l(d2f.o)
    0x08000a8a   0x08000a8a   0x00000002   PAD
    0x08000a8c   0x08000a8c   0x00000014   Code   RO         6203    .text               mf_w.l(cfcmple.o)
    0x08000aa0   0x08000aa0   0x00000014   Code   RO         6205    .text               mf_w.l(cfrcmple.o)
    0x08000ab4   0x08000ab4   0x0000002c   Code   RO         6271    .text               mc_w.l(uidiv.o)
    0x08000ae0   0x08000ae0   0x00000062   Code   RO         6273    .text               mc_w.l(uldiv.o)
    0x08000b42   0x08000b42   0x0000001e   Code   RO         6275    .text               mc_w.l(llshl.o)
    0x08000b60   0x08000b60   0x00000024   Code   RO         6277    .text               mc_w.l(llsshr.o)
    0x08000b84   0x08000b84   0x00000028   Code   RO         6286    .text               mc_w.l(scanf_char.o)
    0x08000bac   0x08000bac   0x00000040   Code   RO         6288    .text               mc_w.l(_sgetc.o)
    0x08000bec   0x08000bec   0x00000000   Code   RO         6290    .text               mc_w.l(iusefp.o)
    0x08000bec   0x08000bec   0x0000006e   Code   RO         6291    .text               mf_w.l(fepilogue.o)
    0x08000c5a   0x08000c5a   0x0000003c   Code   RO         6293    .text               mf_w.l(frnd.o)
    0x08000c96   0x08000c96   0x000000ba   Code   RO         6295    .text               mf_w.l(depilogue.o)
    0x08000d50   0x08000d50   0x000000de   Code   RO         6297    .text               mf_w.l(ddiv.o)
    0x08000e2e   0x08000e2e   0x00000018   Code   RO         6299    .text               mf_w.l(dfltul.o)
    0x08000e46   0x08000e46   0x00000030   Code   RO         6301    .text               mf_w.l(dfixul.o)
    0x08000e76   0x08000e76   0x00000002   PAD
    0x08000e78   0x08000e78   0x00000030   Code   RO         6303    .text               mf_w.l(cdrcmple.o)
    0x08000ea8   0x08000ea8   0x00000024   Code   RO         6309    .text               mc_w.l(init.o)
    0x08000ecc   0x08000ecc   0x0000000a   Code   RO         6311    .text               mc_w.l(isspace_c.o)
    0x08000ed6   0x08000ed6   0x00000002   PAD
    0x08000ed8   0x08000ed8   0x00000330   Code   RO         6313    .text               mc_w.l(_scanf.o)
    0x08001208   0x08001208   0x00000028   Code   RO         6323    .text               mc_w.l(ctype_c.o)
    0x08001230   0x08001230   0x00000002   Code   RO          849    i.BusFault_Handler  stm32f1xx_it.o
    0x08001232   0x08001232   0x00000002   Code   RO          850    i.DebugMon_Handler  stm32f1xx_it.o
    0x08001234   0x08001234   0x0000000c   Code   RO         5074    i.Encoder_GetLeft   encoder.o
    0x08001240   0x08001240   0x0000000c   Code   RO         5075    i.Encoder_GetRight  encoder.o
    0x0800124c   0x0800124c   0x00000004   Code   RO         5076    i.Encoder_GetSpeedLeft  encoder.o
    0x08001250   0x08001250   0x00000004   Code   RO         5077    i.Encoder_GetSpeedRight  encoder.o
    0x08001254   0x08001254   0x00000034   Code   RO         5078    i.Encoder_Init      encoder.o
    0x08001288   0x08001288   0x0000001c   Code   RO           13    i.Error_Handler     main.o
    0x080012a4   0x080012a4   0x00000046   Code   RO         1359    i.HAL_DMA_Abort     stm32f1xx_hal_dma.o
    0x080012ea   0x080012ea   0x00000002   PAD
    0x080012ec   0x080012ec   0x00000130   Code   RO         1360    i.HAL_DMA_Abort_IT  stm32f1xx_hal_dma.o
    0x0800141c   0x0800141c   0x00000024   Code   RO          985    i.HAL_Delay         stm32f1xx_hal.o
    0x08001440   0x08001440   0x000001f8   Code   RO         1295    i.HAL_GPIO_Init     stm32f1xx_hal_gpio.o
    0x08001638   0x08001638   0x0000000a   Code   RO         1297    i.HAL_GPIO_ReadPin  stm32f1xx_hal_gpio.o
    0x08001642   0x08001642   0x00000010   Code   RO         1298    i.HAL_GPIO_TogglePin  stm32f1xx_hal_gpio.o
    0x08001652   0x08001652   0x0000000a   Code   RO         1299    i.HAL_GPIO_WritePin  stm32f1xx_hal_gpio.o
    0x0800165c   0x0800165c   0x0000000c   Code   RO          989    i.HAL_GetTick       stm32f1xx_hal.o
    0x08001668   0x08001668   0x00000188   Code   RO         1966    i.HAL_I2C_Init      stm32f1xx_hal_i2c.o
    0x080017f0   0x080017f0   0x0000012c   Code   RO         1979    i.HAL_I2C_Master_Transmit  stm32f1xx_hal_i2c.o
    0x0800191c   0x0800191c   0x0000005c   Code   RO          603    i.HAL_I2C_MspInit   i2c.o
    0x08001978   0x08001978   0x00000010   Code   RO          995    i.HAL_IncTick       stm32f1xx_hal.o
    0x08001988   0x08001988   0x00000024   Code   RO          996    i.HAL_Init          stm32f1xx_hal.o
    0x080019ac   0x080019ac   0x00000040   Code   RO          997    i.HAL_InitTick      stm32f1xx_hal.o
    0x080019ec   0x080019ec   0x00000034   Code   RO          918    i.HAL_MspInit       stm32f1xx_hal_msp.o
    0x08001a20   0x08001a20   0x0000001a   Code   RO         1455    i.HAL_NVIC_EnableIRQ  stm32f1xx_hal_cortex.o
    0x08001a3a   0x08001a3a   0x00000002   PAD
    0x08001a3c   0x08001a3c   0x00000040   Code   RO         1461    i.HAL_NVIC_SetPriority  stm32f1xx_hal_cortex.o
    0x08001a7c   0x08001a7c   0x00000024   Code   RO         1462    i.HAL_NVIC_SetPriorityGrouping  stm32f1xx_hal_cortex.o
    0x08001aa0   0x08001aa0   0x0000012c   Code   RO         1153    i.HAL_RCC_ClockConfig  stm32f1xx_hal_rcc.o
    0x08001bcc   0x08001bcc   0x00000020   Code   RO         1160    i.HAL_RCC_GetPCLK1Freq  stm32f1xx_hal_rcc.o
    0x08001bec   0x08001bec   0x00000020   Code   RO         1161    i.HAL_RCC_GetPCLK2Freq  stm32f1xx_hal_rcc.o
    0x08001c0c   0x08001c0c   0x0000004c   Code   RO         1162    i.HAL_RCC_GetSysClockFreq  stm32f1xx_hal_rcc.o
    0x08001c58   0x08001c58   0x00000320   Code   RO         1165    i.HAL_RCC_OscConfig  stm32f1xx_hal_rcc.o
    0x08001f78   0x08001f78   0x00000028   Code   RO         1466    i.HAL_SYSTICK_Config  stm32f1xx_hal_cortex.o
    0x08001fa0   0x08001fa0   0x00000002   Code   RO         3098    i.HAL_TIMEx_BreakCallback  stm32f1xx_hal_tim_ex.o
    0x08001fa2   0x08001fa2   0x00000002   Code   RO         3099    i.HAL_TIMEx_CommutCallback  stm32f1xx_hal_tim_ex.o
    0x08001fa4   0x08001fa4   0x0000007c   Code   RO         3117    i.HAL_TIMEx_MasterConfigSynchronization  stm32f1xx_hal_tim_ex.o
    0x08002020   0x08002020   0x0000008e   Code   RO         2418    i.HAL_TIM_Encoder_Start  stm32f1xx_hal_tim.o
    0x080020ae   0x080020ae   0x00000002   Code   RO         2428    i.HAL_TIM_IC_CaptureCallback  stm32f1xx_hal_tim.o
    0x080020b0   0x080020b0   0x00000130   Code   RO         2442    i.HAL_TIM_IRQHandler  stm32f1xx_hal_tim.o
    0x080021e0   0x080021e0   0x00000002   Code   RO         2445    i.HAL_TIM_OC_DelayElapsedCallback  stm32f1xx_hal_tim.o
    0x080021e2   0x080021e2   0x000000cc   Code   RO         2466    i.HAL_TIM_PWM_ConfigChannel  stm32f1xx_hal_tim.o
    0x080022ae   0x080022ae   0x0000005a   Code   RO         2469    i.HAL_TIM_PWM_Init  stm32f1xx_hal_tim.o
    0x08002308   0x08002308   0x00000098   Code   RO          647    i.HAL_TIM_PWM_MspInit  tim.o
    0x080023a0   0x080023a0   0x00000002   Code   RO         2472    i.HAL_TIM_PWM_PulseFinishedCallback  stm32f1xx_hal_tim.o
    0x080023a2   0x080023a2   0x00000002   PAD
    0x080023a4   0x080023a4   0x000000b4   Code   RO         2474    i.HAL_TIM_PWM_Start  stm32f1xx_hal_tim.o
    0x08002458   0x08002458   0x0000003c   Code   RO           14    i.HAL_TIM_PeriodElapsedCallback  main.o
    0x08002494   0x08002494   0x00000002   Code   RO         2485    i.HAL_TIM_TriggerCallback  stm32f1xx_hal_tim.o
    0x08002496   0x08002496   0x00000002   Code   RO         3377    i.HAL_UARTEx_RxEventCallback  stm32f1xx_hal_uart.o
    0x08002498   0x08002498   0x00000002   Code   RO         3391    i.HAL_UART_ErrorCallback  stm32f1xx_hal_uart.o
    0x0800249a   0x0800249a   0x00000002   PAD
    0x0800249c   0x0800249c   0x0000026c   Code   RO         3394    i.HAL_UART_IRQHandler  stm32f1xx_hal_uart.o
    0x08002708   0x08002708   0x00000064   Code   RO         3395    i.HAL_UART_Init     stm32f1xx_hal_uart.o
    0x0800276c   0x0800276c   0x000000d0   Code   RO          736    i.HAL_UART_MspInit  usart.o
    0x0800283c   0x0800283c   0x0000001c   Code   RO         3400    i.HAL_UART_Receive_IT  stm32f1xx_hal_uart.o
    0x08002858   0x08002858   0x00000002   Code   RO         3401    i.HAL_UART_RxCpltCallback  stm32f1xx_hal_uart.o
    0x0800285a   0x0800285a   0x000000a0   Code   RO         3403    i.HAL_UART_Transmit  stm32f1xx_hal_uart.o
    0x080028fa   0x080028fa   0x00000002   Code   RO         3406    i.HAL_UART_TxCpltCallback  stm32f1xx_hal_uart.o
    0x080028fc   0x080028fc   0x00000002   Code   RO          851    i.HardFault_Handler  stm32f1xx_it.o
    0x080028fe   0x080028fe   0x00000002   PAD
    0x08002900   0x08002900   0x00000018   Code   RO         5800    i.I2C_InitMutex     i2c_hhc.o
    0x08002918   0x08002918   0x0000002e   Code   RO         2009    i.I2C_IsAcknowledgeFailed  stm32f1xx_hal_i2c.o
    0x08002946   0x08002946   0x00000002   PAD
    0x08002948   0x08002948   0x00000020   Code   RO         5801    i.I2C_Lock          i2c_hhc.o
    0x08002968   0x08002968   0x0000009c   Code   RO         2013    i.I2C_MasterRequestWrite  stm32f1xx_hal_i2c.o
    0x08002a04   0x08002a04   0x00000018   Code   RO         5804    i.I2C_Unlock        i2c_hhc.o
    0x08002a1c   0x08002a1c   0x00000056   Code   RO         2024    i.I2C_WaitOnBTFFlagUntilTimeout  stm32f1xx_hal_i2c.o
    0x08002a72   0x08002a72   0x00000002   PAD
    0x08002a74   0x08002a74   0x00000090   Code   RO         2025    i.I2C_WaitOnFlagUntilTimeout  stm32f1xx_hal_i2c.o
    0x08002b04   0x08002b04   0x000000bc   Code   RO         2026    i.I2C_WaitOnMasterAddressFlagUntilTimeout  stm32f1xx_hal_i2c.o
    0x08002bc0   0x08002bc0   0x00000056   Code   RO         2028    i.I2C_WaitOnTXEFlagUntilTimeout  stm32f1xx_hal_i2c.o
    0x08002c16   0x08002c16   0x00000002   PAD
    0x08002c18   0x08002c18   0x00000080   Code   RO         5805    i.I2C_WriteReg      i2c_hhc.o
    0x08002c98   0x08002c98   0x00000094   Code   RO         5806    i.I2C_WriteRegs_4   i2c_hhc.o
    0x08002d2c   0x08002d2c   0x00000098   Code   RO         5725    i.IIC_ReadByte      vl53l0x.o
    0x08002dc4   0x08002dc4   0x00000044   Code   RO         5726    i.IIC_Start         vl53l0x.o
    0x08002e08   0x08002e08   0x0000003c   Code   RO         5727    i.IIC_Stop          vl53l0x.o
    0x08002e44   0x08002e44   0x00000084   Code   RO         5728    i.IIC_WriteByte     vl53l0x.o
    0x08002ec8   0x08002ec8   0x0000003c   Code   RO         5355    i.Kinematic_Analyze  kinematics.o
    0x08002f04   0x08002f04   0x0000000c   Code   RO         5356    i.Kinematic_Init    kinematics.o
    0x08002f10   0x08002f10   0x000000ec   Code   RO         5357    i.Kinematic_Update  kinematics.o
    0x08002ffc   0x08002ffc   0x00000090   Code   RO          432    i.MX_FREERTOS_Init  freertos.o
    0x0800308c   0x0800308c   0x0000002c   Code   RO          321    i.MX_GPIO_Init      gpio.o
    0x080030b8   0x080030b8   0x00000040   Code   RO          604    i.MX_I2C1_Init      i2c.o
    0x080030f8   0x080030f8   0x00000098   Code   RO          649    i.MX_TIM2_Init      tim.o
    0x08003190   0x08003190   0x000000e4   Code   RO          650    i.MX_TIM3_Init      tim.o
    0x08003274   0x08003274   0x00000040   Code   RO          737    i.MX_USART1_UART_Init  usart.o
    0x080032b4   0x080032b4   0x000000a0   Code   RO         5664    i.MX_USART3_UART_Init  usart3.o
    0x08003354   0x08003354   0x00000002   Code   RO          852    i.MemManage_Handler  stm32f1xx_it.o
    0x08003356   0x08003356   0x00000002   PAD
    0x08003358   0x08003358   0x0000003c   Code   RO         5394    i.Motor_Init        motor.o
    0x08003394   0x08003394   0x0000003c   Code   RO         5395    i.Motor_SetLeft     motor.o
    0x080033d0   0x080033d0   0x0000003c   Code   RO         5396    i.Motor_SetRight    motor.o
    0x0800340c   0x0800340c   0x00000012   Code   RO         5397    i.Motor_SetSpeed    motor.o
    0x0800341e   0x0800341e   0x00000008   Code   RO         5398    i.Motor_Stop        motor.o
    0x08003426   0x08003426   0x00000002   Code   RO          853    i.NMI_Handler       stm32f1xx_it.o
    0x08003428   0x08003428   0x000000d0   Code   RO         5508    i.OLED_Init         oled.o
    0x080034f8   0x080034f8   0x00000028   Code   RO         5510    i.OLED_WriteCmd     oled.o
    0x08003520   0x08003520   0x0000002c   Code   RO         5511    i.OLED_WriteData    oled.o
    0x0800354c   0x0800354c   0x00000088   Code   RO         5552    i.PCA9685_Init      pca9685.o
    0x080035d4   0x080035d4   0x00000082   Code   RO         5596    i.PID_Calc          pid.o
    0x08003656   0x08003656   0x0000001c   Code   RO         5597    i.PID_Init          pid.o
    0x08003672   0x08003672   0x00000002   PAD
    0x08003674   0x08003674   0x00000034   Code   RO         5553    i.SG90_Channel0_Init  pca9685.o
    0x080036a8   0x080036a8   0x0000003c   Code   RO         5554    i.SG90_SetAngle     pca9685.o
    0x080036e4   0x080036e4   0x00000018   Code   RO          854    i.SysTick_Handler   stm32f1xx_it.o
    0x080036fc   0x080036fc   0x00000058   Code   RO           16    i.SystemClock_Config  main.o
    0x08003754   0x08003754   0x00000002   Code   RO         3729    i.SystemInit        system_stm32f1xx.o
    0x08003756   0x08003756   0x00000002   PAD
    0x08003758   0x08003758   0x0000000c   Code   RO          653    i.TIM1_UP_IRQHandler  tim.o
    0x08003764   0x08003764   0x0000009c   Code   RO         2487    i.TIM_Base_SetConfig  stm32f1xx_hal_tim.o
    0x08003800   0x08003800   0x0000001a   Code   RO         2488    i.TIM_CCxChannelCmd  stm32f1xx_hal_tim.o
    0x0800381a   0x0800381a   0x00000002   PAD
    0x0800381c   0x0800381c   0x00000060   Code   RO         2500    i.TIM_OC1_SetConfig  stm32f1xx_hal_tim.o
    0x0800387c   0x0800387c   0x0000006c   Code   RO         2501    i.TIM_OC2_SetConfig  stm32f1xx_hal_tim.o
    0x080038e8   0x080038e8   0x00000068   Code   RO         2502    i.TIM_OC3_SetConfig  stm32f1xx_hal_tim.o
    0x08003950   0x08003950   0x00000050   Code   RO         2503    i.TIM_OC4_SetConfig  stm32f1xx_hal_tim.o
    0x080039a0   0x080039a0   0x00000010   Code   RO         3408    i.UART_DMAAbortOnError  stm32f1xx_hal_uart.o
    0x080039b0   0x080039b0   0x0000004e   Code   RO         3418    i.UART_EndRxTransfer  stm32f1xx_hal_uart.o
    0x080039fe   0x080039fe   0x000000c2   Code   RO         3420    i.UART_Receive_IT   stm32f1xx_hal_uart.o
    0x08003ac0   0x08003ac0   0x000000b8   Code   RO         3421    i.UART_SetConfig    stm32f1xx_hal_uart.o
    0x08003b78   0x08003b78   0x00000036   Code   RO         3423    i.UART_Start_Receive_IT  stm32f1xx_hal_uart.o
    0x08003bae   0x08003bae   0x00000072   Code   RO         3424    i.UART_WaitOnFlagUntilTimeout  stm32f1xx_hal_uart.o
    0x08003c20   0x08003c20   0x00000064   Code   RO          738    i.USART1_IRQHandler  usart.o
    0x08003c84   0x08003c84   0x00000020   Code   RO         5665    i.USART3_ClearBuf   usart3.o
    0x08003ca4   0x08003ca4   0x00000048   Code   RO         5666    i.USART3_IRQHandler  usart3.o
    0x08003cec   0x08003cec   0x00000014   Code   RO         5668    i.USART3_SendByte   usart3.o
    0x08003d00   0x08003d00   0x00000016   Code   RO         5669    i.USART3_SendString  usart3.o
    0x08003d16   0x08003d16   0x00000002   Code   RO          855    i.UsageFault_Handler  stm32f1xx_it.o
    0x08003d18   0x08003d18   0x00000104   Code   RO         5729    i.VL53L0X_Init      vl53l0x.o
    0x08003e1c   0x08003e1c   0x00000048   Code   RO         5730    i.VL53L0X_ReadDistance  vl53l0x.o
    0x08003e64   0x08003e64   0x00000034   Code   RO         5731    i.VL_Read           vl53l0x.o
    0x08003e98   0x08003e98   0x0000002a   Code   RO         5732    i.VL_Write          vl53l0x.o
    0x08003ec2   0x08003ec2   0x00000002   PAD
    0x08003ec4   0x08003ec4   0x00000020   Code   RO         6147    i.__0printf         mc_w.l(printfa.o)
    0x08003ee4   0x08003ee4   0x00000028   Code   RO         6149    i.__0sprintf        mc_w.l(printfa.o)
    0x08003f0c   0x08003f0c   0x00000026   Code   RO         6224    i.__ARM_fpclassifyf  m_ws.l(fpclassifyf.o)
    0x08003f32   0x08003f32   0x00000020   Code   RO         1468    i.__NVIC_SetPriority  stm32f1xx_hal_cortex.o
    0x08003f52   0x08003f52   0x00000006   Code   RO         6227    i.__mathlib_flt_infnan  m_ws.l(funder.o)
    0x08003f58   0x08003f58   0x00000008   Code   RO         6229    i.__mathlib_flt_invalid  m_ws.l(funder.o)
    0x08003f60   0x08003f60   0x0000000a   Code   RO         6232    i.__mathlib_flt_underflow  m_ws.l(funder.o)
    0x08003f6a   0x08003f6a   0x00000002   PAD
    0x08003f6c   0x08003f6c   0x00000168   Code   RO         6245    i.__mathlib_rredf2  m_ws.l(rredf.o)
    0x080040d4   0x080040d4   0x0000000e   Code   RO         6328    i.__scatterload_copy  mc_w.l(handlers.o)
    0x080040e2   0x080040e2   0x00000002   Code   RO         6329    i.__scatterload_null  mc_w.l(handlers.o)
    0x080040e4   0x080040e4   0x0000000e   Code   RO         6330    i.__scatterload_zeroinit  mc_w.l(handlers.o)
    0x080040f2   0x080040f2   0x00000002   PAD
    0x080040f4   0x080040f4   0x0000000c   Code   RO         6281    i.__set_errno       mc_w.l(errno.o)
    0x08004100   0x08004100   0x00000184   Code   RO         6154    i._fp_digits        mc_w.l(printfa.o)
    0x08004284   0x08004284   0x0000000e   Code   RO         6179    i._is_digit         mc_w.l(scanf_fp.o)
    0x08004292   0x08004292   0x00000002   PAD
    0x08004294   0x08004294   0x000006b4   Code   RO         6155    i._printf_core      mc_w.l(printfa.o)
    0x08004948   0x08004948   0x00000024   Code   RO         6156    i._printf_post_padding  mc_w.l(printfa.o)
    0x0800496c   0x0800496c   0x0000002e   Code   RO         6157    i._printf_pre_padding  mc_w.l(printfa.o)
    0x0800499a   0x0800499a   0x0000000a   Code   RO         6159    i._sputc            mc_w.l(printfa.o)
    0x080049a4   0x080049a4   0x00000058   Code   RO           17    i.cmdRecvTask       main.o
    0x080049fc   0x080049fc   0x0000017c   Code   RO         5874    i.cosf              m_ws.l(cosf.o)
    0x08004b78   0x08004b78   0x00000020   Code   RO         5622    i.delay_us          sys.o
    0x08004b98   0x08004b98   0x00000002   Code   RO         5297    i.fast_ros_init     fast_ros.o
    0x08004b9a   0x08004b9a   0x00000002   PAD
    0x08004b9c   0x08004b9c   0x00000028   Code   RO         5298    i.fast_ros_parse_cmd_vel  fast_ros.o
    0x08004bc4   0x08004bc4   0x00000078   Code   RO         5300    i.fast_ros_send_odom  fast_ros.o
    0x08004c3c   0x08004c3c   0x000000a4   Code   RO         5301    i.fast_ros_send_scan  fast_ros.o
    0x08004ce0   0x08004ce0   0x00000018   Code   RO          740    i.fputc             usart.o
    0x08004cf8   0x08004cf8   0x0000000c   Code   RO         4557    i.inHandlerMode     cmsis_os.o
    0x08004d04   0x08004d04   0x00000016   Code   RO           18    i.laserTask         main.o
    0x08004d1a   0x08004d1a   0x00000002   PAD
    0x08004d1c   0x08004d1c   0x000000b8   Code   RO           20    i.laser_step        main.o
    0x08004dd4   0x08004dd4   0x00000104   Code   RO           21    i.main              main.o
    0x08004ed8   0x08004ed8   0x0000000c   Code   RO         4559    i.makeFreeRtosPriority  cmsis_os.o
    0x08004ee4   0x08004ee4   0x000000b0   Code   RO           22    i.motorPidTask      main.o
    0x08004f94   0x08004f94   0x00000044   Code   RO           23    i.odomPubTask       main.o
    0x08004fd8   0x08004fd8   0x0000000e   Code   RO         4561    i.osDelay           cmsis_os.o
    0x08004fe6   0x08004fe6   0x0000000a   Code   RO         4564    i.osKernelStart     cmsis_os.o
    0x08004ff0   0x08004ff0   0x00000010   Code   RO         4579    i.osMutexCreate     cmsis_os.o
    0x08005000   0x08005000   0x00000050   Code   RO         4581    i.osMutexRelease    cmsis_os.o
    0x08005050   0x08005050   0x00000064   Code   RO         4582    i.osMutexWait       cmsis_os.o
    0x080050b4   0x080050b4   0x00000054   Code   RO         4598    i.osThreadCreate    cmsis_os.o
    0x08005108   0x08005108   0x0000000a   Code   RO         4607    i.osThreadTerminate  cmsis_os.o
    0x08005112   0x08005112   0x00000002   PAD
    0x08005114   0x08005114   0x00000070   Code   RO         4235    i.prvAddCurrentTaskToDelayedList  tasks.o
    0x08005184   0x08005184   0x000000d0   Code   RO         4236    i.prvAddNewTaskToReadyList  tasks.o
    0x08005254   0x08005254   0x00000026   Code   RO         3911    i.prvCopyDataFromQueue  queue.o
    0x0800527a   0x0800527a   0x0000006c   Code   RO         3912    i.prvCopyDataToQueue  queue.o
    0x080052e6   0x080052e6   0x00000034   Code   RO         4237    i.prvDeleteTCB      tasks.o
    0x0800531a   0x0800531a   0x00000002   PAD
    0x0800531c   0x0800531c   0x0000004c   Code   RO         4926    i.prvHeapInit       heap_4.o
    0x08005368   0x08005368   0x00000060   Code   RO         4238    i.prvIdleTask       tasks.o
    0x080053c8   0x080053c8   0x00000016   Code   RO         3913    i.prvInitialiseMutex  queue.o
    0x080053de   0x080053de   0x00000016   Code   RO         3914    i.prvInitialiseNewQueue  queue.o
    0x080053f4   0x080053f4   0x00000098   Code   RO         4239    i.prvInitialiseNewTask  tasks.o
    0x0800548c   0x0800548c   0x0000004c   Code   RO         4927    i.prvInsertBlockIntoFreeList  heap_4.o
    0x080054d8   0x080054d8   0x0000001c   Code   RO         3915    i.prvIsQueueEmpty   queue.o
    0x080054f4   0x080054f4   0x00000020   Code   RO         4240    i.prvResetNextTaskUnblockTime  tasks.o
    0x08005514   0x08005514   0x00000028   Code   RO         4994    i.prvTaskExitError  port.o
    0x0800553c   0x0800553c   0x0000006a   Code   RO         3916    i.prvUnlockQueue    queue.o
    0x080055a6   0x080055a6   0x00000002   PAD
    0x080055a8   0x080055a8   0x000000dc   Code   RO         4928    i.pvPortMalloc      heap_4.o
    0x08005684   0x08005684   0x00000018   Code   RO         4242    i.pvTaskIncrementMutexHeldCount  tasks.o
    0x0800569c   0x0800569c   0x00000024   Code   RO         4995    i.pxPortInitialiseStack  port.o
    0x080056c0   0x080056c0   0x00000044   Code   RO           24    i.scanPubTask       main.o
    0x08005704   0x08005704   0x00000188   Code   RO         5890    i.sinf              m_ws.l(sinf.o)
    0x0800588c   0x0800588c   0x0000020c   Code   RO           25    i.sysInitTask       main.o
    0x08005a98   0x08005a98   0x00000034   Code   RO           26    i.update_odom       main.o
    0x08005acc   0x08005acc   0x00000026   Code   RO         3871    i.uxListRemove      list.o
    0x08005af2   0x08005af2   0x00000002   PAD
    0x08005af4   0x08005af4   0x00000014   Code   RO          434    i.vApplicationGetIdleTaskMemory  freertos.o
    0x08005b08   0x08005b08   0x00000016   Code   RO         3872    i.vListInitialise   list.o
    0x08005b1e   0x08005b1e   0x00000006   Code   RO         3873    i.vListInitialiseItem  list.o
    0x08005b24   0x08005b24   0x00000030   Code   RO         3874    i.vListInsert       list.o
    0x08005b54   0x08005b54   0x00000018   Code   RO         3875    i.vListInsertEnd    list.o
    0x08005b6c   0x08005b6c   0x00000040   Code   RO         4997    i.vPortEnterCritical  port.o
    0x08005bac   0x08005bac   0x00000028   Code   RO         4998    i.vPortExitCritical  port.o
    0x08005bd4   0x08005bd4   0x00000064   Code   RO         4929    i.vPortFree         heap_4.o
    0x08005c38   0x08005c38   0x00000024   Code   RO         4999    i.vPortSetupTimerInterrupt  port.o
    0x08005c5c   0x08005c5c   0x00000054   Code   RO         5000    i.vPortValidateInterruptPriority  port.o
    0x08005cb0   0x08005cb0   0x0000004c   Code   RO         4249    i.vTaskDelay        tasks.o
    0x08005cfc   0x08005cfc   0x0000008c   Code   RO         4250    i.vTaskDelayUntil   tasks.o
    0x08005d88   0x08005d88   0x000000ac   Code   RO         4251    i.vTaskDelete       tasks.o
    0x08005e34   0x08005e34   0x00000010   Code   RO         4253    i.vTaskInternalSetTimeOutState  tasks.o
    0x08005e44   0x08005e44   0x0000000c   Code   RO         4254    i.vTaskMissedYield  tasks.o
    0x08005e50   0x08005e50   0x00000030   Code   RO         4256    i.vTaskPlaceOnEventList  tasks.o
    0x08005e80   0x08005e80   0x000000a0   Code   RO         4258    i.vTaskPriorityDisinheritAfterTimeout  tasks.o
    0x08005f20   0x08005f20   0x0000006c   Code   RO         4263    i.vTaskStartScheduler  tasks.o
    0x08005f8c   0x08005f8c   0x00000010   Code   RO         4265    i.vTaskSuspendAll   tasks.o
    0x08005f9c   0x08005f9c   0x0000005c   Code   RO         4266    i.vTaskSwitchContext  tasks.o
    0x08005ff8   0x08005ff8   0x000000a8   Code   RO         5001    i.xPortStartScheduler  port.o
    0x080060a0   0x080060a0   0x0000002c   Code   RO         5002    i.xPortSysTickHandler  port.o
    0x080060cc   0x080060cc   0x00000016   Code   RO         3923    i.xQueueCreateMutex  queue.o
    0x080060e2   0x080060e2   0x0000001a   Code   RO         3924    i.xQueueCreateMutexStatic  queue.o
    0x080060fc   0x080060fc   0x00000042   Code   RO         3925    i.xQueueGenericCreate  queue.o
    0x0800613e   0x0800613e   0x00000066   Code   RO         3926    i.xQueueGenericCreateStatic  queue.o
    0x080061a4   0x080061a4   0x00000088   Code   RO         3927    i.xQueueGenericReset  queue.o
    0x0800622c   0x0800622c   0x00000160   Code   RO         3928    i.xQueueGenericSend  queue.o
    0x0800638c   0x0800638c   0x0000009c   Code   RO         3930    i.xQueueGiveFromISR  queue.o
    0x08006428   0x08006428   0x0000009a   Code   RO         3936    i.xQueueReceiveFromISR  queue.o
    0x080064c2   0x080064c2   0x00000002   PAD
    0x080064c4   0x080064c4   0x00000178   Code   RO         3937    i.xQueueSemaphoreTake  queue.o
    0x0800663c   0x0800663c   0x00000074   Code   RO         4268    i.xTaskCheckForTimeOut  tasks.o
    0x080066b0   0x080066b0   0x0000005a   Code   RO         4269    i.xTaskCreate       tasks.o
    0x0800670a   0x0800670a   0x00000056   Code   RO         4270    i.xTaskCreateStatic  tasks.o
    0x08006760   0x08006760   0x0000001c   Code   RO         4274    i.xTaskGetSchedulerState  tasks.o
    0x0800677c   0x0800677c   0x0000000c   Code   RO         4275    i.xTaskGetTickCount  tasks.o
    0x08006788   0x08006788   0x000000cc   Code   RO         4277    i.xTaskIncrementTick  tasks.o
    0x08006854   0x08006854   0x00000098   Code   RO         4280    i.xTaskPriorityDisinherit  tasks.o
    0x080068ec   0x080068ec   0x0000008c   Code   RO         4281    i.xTaskPriorityInherit  tasks.o
    0x08006978   0x08006978   0x00000074   Code   RO         4282    i.xTaskRemoveFromEventList  tasks.o
    0x080069ec   0x080069ec   0x000000c4   Code   RO         4283    i.xTaskResumeAll    tasks.o
    0x08006ab0   0x08006ab0   0x0000009c   Data   RO           28    .constdata          main.o
    0x08006b4c   0x08006b4c   0x0000001c   Data   RO          436    .constdata          freertos.o
    0x08006b68   0x08006b68   0x00000012   Data   RO         1166    .constdata          stm32f1xx_hal_rcc.o
    0x08006b7a   0x08006b7a   0x00000010   Data   RO         3730    .constdata          system_stm32f1xx.o
    0x08006b8a   0x08006b8a   0x00000008   Data   RO         3731    .constdata          system_stm32f1xx.o
    0x08006b92   0x08006b92   0x00000002   PAD
    0x08006b94   0x08006b94   0x00000020   Data   RO         6246    .constdata          m_ws.l(rredf.o)
    0x08006bb4   0x08006bb4   0x00000040   Data   RO         6324    .constdata          mc_w.l(ctype_c.o)
    0x08006bf4   0x08006bf4   0x00000040   Data   RO           29    .conststring        main.o
    0x08006c34   0x08006c34   0x0000000c   Data   RO          437    .conststring        freertos.o
    0x08006c40   0x08006c40   0x00000020   Data   RO         6326    Region$$Table       anon$$obj.o


    Execution Region RW_IRAM1 (Exec base: 0x20000000, Load base: 0x08006c60, Size: 0x00005178, Max: 0x00010000, ABSOLUTE)

    Exec Addr    Load Addr    Size         Type   Attr      Idx    E Section Name        Object

    0x20000000   0x08006c60   0x0000005c   Data   RW           30    .data               main.o
    0x2000005c   0x08006cbc   0x00000004   Data   RW          655    .data               tim.o
    0x20000060   0x08006cc0   0x00000001   Data   RW          656    .data               tim.o
    0x20000061   0x08006cc1   0x00000001   PAD
    0x20000062   0x08006cc2   0x00000002   Data   RW          743    .data               usart.o
    0x20000064   0x08006cc4   0x0000000c   Data   RW         1003    .data               stm32f1xx_hal.o
    0x20000070   0x08006cd0   0x00000004   Data   RW         3732    .data               system_stm32f1xx.o
    0x20000074   0x08006cd4   0x0000003c   Data   RW         4286    .data               tasks.o
    0x200000b0   0x08006d10   0x00000020   Data   RW         4935    .data               heap_4.o
    0x200000d0   0x08006d30   0x0000000c   Data   RW         5003    .data               port.o
    0x200000dc   0x08006d3c   0x00000008   Data   RW         5080    .data               encoder.o
    0x200000e4   0x08006d44   0x00000018   Data   RW         5359    .data               kinematics.o
    0x200000fc   0x08006d5c   0x00000004   Data   RW         5399    .data               motor.o
    0x20000100   0x08006d60   0x00000001   Data   RW         5555    .data               pca9685.o
    0x20000101   0x08006d61   0x00000003   PAD
    0x20000104   0x08006d64   0x00000008   Data   RW         5671    .data               usart3.o
    0x2000010c   0x08006d6c   0x00000004   Data   RW         5807    .data               i2c_hhc.o
    0x20000110   0x08006d70   0x00000004   Data   RW         6270    .data               mc_w.l(stdout.o)
    0x20000114   0x08006d74   0x00000004   Data   RW         6282    .data               mc_w.l(errno.o)
    0x20000118        -       0x00000618   Zero   RW           27    .bss                main.o
    0x20000730        -       0x00000254   Zero   RW          435    .bss                freertos.o
    0x20000984        -       0x00000054   Zero   RW          605    .bss                i2c.o
    0x200009d8        -       0x000000d8   Zero   RW          654    .bss                tim.o
    0x20000ab0        -       0x00000110   Zero   RW          741    .bss                usart.o
    0x20000bc0        -       0x00000048   Zero   RW          742    .bss                usart.o
    0x20000c08        -       0x000000f0   Zero   RW         4285    .bss                tasks.o
    0x20000cf8        -       0x00004000   Zero   RW         4934    .bss                heap_4.o
    0x20004cf8        -       0x00000080   Zero   RW         5670    .bss                usart3.o
    0x20004d78        -       0x00000400   Zero   RW            1    STACK               startup_stm32f103xe.o


==============================================================================

Image component sizes


      Code (inc. data)   RO Data    RW Data    ZI Data      Debug   Object Name

       338         10          0          0          0      30340   cmsis_os.o
        84         24          0          8          0       3512   encoder.o
         0          0          0          0          0      20152   event_groups.o
       326         72          0          0          0       3603   fast_ros.o
       164        100         40          0        596     462651   freertos.o
        44          6          0          0          0     490239   gpio.o
       472         24          0         32      16384       7431   heap_4.o
       156         26          0          0         84       1681   i2c.o
       356        122          0          4          0       4077   i2c_hhc.o
       308         26          0         24          0       2452   kinematics.o
       138          0          0          0          0       3486   list.o
      1618        482        220         92       1560     512998   main.o
       206         24          0          4          0       3773   motor.o
       292         14          0          0          0       2223   oled.o
       248         66          0          1          0       2140   pca9685.o
       158          0          0          0          0       1962   pid.o
       662         70          0         12          0      11261   port.o
      1714         14          0          0          0      19770   queue.o
        36          8        304          0       1024        816   startup_stm32f103xe.o
       164         28          0         12          0       6625   stm32f1xx_hal.o
       198         14          0          0          0      29031   stm32f1xx_hal_cortex.o
       374          8          0          0          0       1875   stm32f1xx_hal_dma.o
       540         42          0          0          0       4208   stm32f1xx_hal_gpio.o
      1398         32          0          0          0       9233   stm32f1xx_hal_i2c.o
        52          4          0          0          0        874   stm32f1xx_hal_msp.o
      1240         84         18          0          0       5196   stm32f1xx_hal_rcc.o
      1498         78          0          0          0      12564   stm32f1xx_hal_tim.o
       128         20          0          0          0       2457   stm32f1xx_hal_tim_ex.o
      1556         10          0          0          0      11678   stm32f1xx_hal_uart.o
        36          0          0          0          0       3191   stm32f1xx_it.o
         0          0          0          0          0        408   stream_buffer.o
        32          8          0          0          0       1008   sys.o
         2          0         24          4          0       1155   system_stm32f1xx.o
      2656        202          0         60        240      29895   tasks.o
       544         36          0          5        216       3858   tim.o
       396         50          0          2        344      19487   usart.o
       306         52          0          8        128       3494   usart3.o
       838        128          0          0          0       5789   vl53l0x.o

    ----------------------------------------------------------------------
     19320       1884        640        272      20576    1736593   Object Totals
         0          0         32          0          0          0   (incl. Generated)
        42          0          2          4          0          0   (incl. Padding)

    ----------------------------------------------------------------------

      Code (inc. data)   RO Data    RW Data    ZI Data      Debug   Library Member Name

       380         52          0          0          0        124   cosf.o
        38          0          0          0          0         68   fpclassifyf.o
        24          0          0          0          0        204   funder.o
       360         16         32          0          0         88   rredf.o
       392         54          0          0          0        124   sinf.o
        56          8          0          0          0         84   __0sscanf.o
       816          6          0          0          0        112   _scanf.o
        64          0          0          0          0         84   _sgetc.o
        40          6         64          0          0         68   ctype_c.o
         0          0          0          0          0          0   entry.o
         0          0          0          0          0          0   entry10a.o
         0          0          0          0          0          0   entry11a.o
         4          0          0          0          0          0   entry12b.o
         8          4          0          0          0          0   entry2.o
         4          0          0          0          0          0   entry5.o
         0          0          0          0          0          0   entry7b.o
         0          0          0          0          0          0   entry8b.o
         8          4          0          0          0          0   entry9a.o
        12          6          0          4          0         68   errno.o
        30          0          0          0          0          0   handlers.o
        36          8          0          0          0         68   init.o
        10          0          0          0          0         68   isspace_c.o
         0          0          0          0          0          0   iusefp.o
        30          0          0          0          0         68   llshl.o
        36          0          0          0          0         68   llsshr.o
        32          0          0          0          0         68   llushr.o
        36          0          0          0          0         68   memcpya.o
        36          0          0          0          0        108   memseta.o
      2268         96          0          0          0        616   printfa.o
        40          8          0          0          0         84   scanf_char.o
       878         12          0          0          0        216   scanf_fp.o
         0          0          0          4          0          0   stdout.o
        44          0          0          0          0         80   uidiv.o
        98          0          0          0          0         92   uldiv.o
        48          0          0          0          0         68   cdrcmple.o
        20          0          0          0          0         68   cfcmple.o
        20          0          0          0          0         68   cfrcmple.o
        56          0          0          0          0         88   d2f.o
       334          0          0          0          0        148   dadd.o
       222          0          0          0          0        100   ddiv.o
       186          0          0          0          0        176   depilogue.o
        48          0          0          0          0         68   dfixul.o
        24          0          0          0          0         76   dfltul.o
       228          0          0          0          0         96   dmul.o
        38          0          0          0          0         68   f2d.o
       176          0          0          0          0        140   fadd.o
       124          0          0          0          0         88   fdiv.o
       110          0          0          0          0        168   fepilogue.o
        50          0          0          0          0         68   ffixi.o
        18          0          0          0          0         68   fflti.o
        10          0          0          0          0         68   ffltui.o
       100          0          0          0          0         76   fmul.o
        60          0          0          0          0         76   frnd.o
        24          0          0          0          0         68   fscalb.o

    ----------------------------------------------------------------------
      7688        280         96          8          0       4472   Library Totals
        12          0          0          0          0          0   (incl. Padding)

    ----------------------------------------------------------------------

      Code (inc. data)   RO Data    RW Data    ZI Data      Debug   Library Name

      1194        122         32          0          0        608   m_ws.l
      4586        158         64          8          0       2020   mc_w.l
      1896          0          0          0          0       1844   mf_w.l

    ----------------------------------------------------------------------
      7688        280         96          8          0       4472   Library Totals

    ----------------------------------------------------------------------

==============================================================================


      Code (inc. data)   RO Data    RW Data    ZI Data      Debug   

     27008       2164        736        280      20576    1728061   Grand Totals
     27008       2164        736        280      20576    1728061   ELF Image Totals
     27008       2164        736        280          0          0   ROM Totals

==============================================================================

    Total RO  Size (Code + RO Data)                27744 (  27.09kB)
    Total RW  Size (RW Data + ZI Data)             20856 (  20.37kB)
    Total ROM Size (Code + RO Data + RW Data)      28024 (  27.37kB)

==============================================================================

